11:41:10 **** Incremental Build of configuration Debug for project SM_Pro ****
make -j12 all 
arm-none-eabi-gcc "../Core/Src/main.c" -mcpu=cortex-m7 -std=gnu11 -g3 -DDEBUG -DUSE_HAL_DRIVER -DSTM32F746xx -c -I../Core/Inc -I../Drivers/STM32F7xx_HAL_Driver/Inc -I../Drivers/STM32F7xx_HAL_Driver/Inc/Legacy -I../Drivers/CMSIS/Device/ST/STM32F7xx/Include -I../Drivers/CMSIS/Include -O0 -ffunction-sections -fdata-sections -Wall -fstack-usage -MMD -MP -MF"Core/Src/main.d" -MT"Core/Src/main.o" --specs=nano.specs -mfpu=fpv5-sp-d16 -mfloat-abi=hard -mthumb -o "Core/Src/main.o"
../Core/Src/main.c: In function 'main':
../Core/Src/main.c:112:3: warning: implicit declaration of function 'BMP280_Init' [-Wimplicit-function-declaration]
  112 |   BMP280_Init(&hi2c1, 1, 3, 1);
      |   ^~~~~~~~~~~
../Core/Src/main.c:120:4: warning: implicit declaration of function 'BMP280_ReadTemperatureAndPressure' [-Wimplicit-function-declaration]
  120 |    BMP280_ReadTemperatureAndPressure(&temperature, &pressure);
      |    ^~~~~~~~~~~~~~~~~~~~~~~~~~~~~~~~~
../Core/Src/main.c:121:4: warning: implicit declaration of function 'sprintf' [-Wimplicit-function-declaration]
  121 |    sprintf(data,"%f",temperature);
      |    ^~~~~~~
../Core/Src/main.c:121:4: warning: incompatible implicit declaration of built-in function 'sprintf'
../Core/Src/main.c:22:1: note: include '<stdio.h>' or provide a declaration of 'sprintf'
   21 | #include "main.h"
  +++ |+#include <stdio.h>
   22 | 
arm-none-eabi-gcc -o "SM_Pro.elf" @"objects.list"   -mcpu=cortex-m7 -T"E:\Code\STM\STM_PROJECT\Nucleo\SM_Pro\STM32F746ZGTX_FLASH.ld" --specs=nosys.specs -Wl,-Map="SM_Pro.map" -Wl,--gc-sections -static -u _printf_float --specs=nano.specs -mfpu=fpv5-sp-d16 -mfloat-abi=hard -mthumb -Wl,--start-group -lc -lm -Wl,--end-group
Finished building target: SM_Pro.elf
 
arm-none-eabi-size   SM_Pro.elf 
arm-none-eabi-objdump -h -S  SM_Pro.elf  > "SM_Pro.list"
arm-none-eabi-objcopy  -O binary  SM_Pro.elf  "SM_Pro.bin"
   text	   data	    bss	    dec	    hex	filename
  38552	    484	   2948	  41984	   a400	SM_Pro.elf
Finished building: default.size.stdout
 
Finished building: SM_Pro.bin
 
Finished building: SM_Pro.list
 
11:41:24 **** Incremental Build of configuration Debug for project SM_Pro ****
make -j12 all 
arm-none-eabi-size   SM_Pro.elf 
   text	   data	    bss	    dec	    hex	filename
  38552	    484	   2948	  41984	   a400	SM_Pro.elf
Finished building: default.size.stdout
 
11:47:48 **** Incremental Build of configuration Debug for project SM_Pro ****
make -j12 all 
arm-none-eabi-gcc "../Core/Src/main.c" -mcpu=cortex-m7 -std=gnu11 -g3 -DDEBUG -DUSE_HAL_DRIVER -DSTM32F746xx -c -I../Core/Inc -I../Drivers/STM32F7xx_HAL_Driver/Inc -I../Drivers/STM32F7xx_HAL_Driver/Inc/Legacy -I../Drivers/CMSIS/Device/ST/STM32F7xx/Include -I../Drivers/CMSIS/Include -O0 -ffunction-sections -fdata-sections -Wall -fstack-usage -MMD -MP -MF"Core/Src/main.d" -MT"Core/Src/main.o" --specs=nano.specs -mfpu=fpv5-sp-d16 -mfloat-abi=hard -mthumb -o "Core/Src/main.o"
../Core/Src/main.c: In function 'main':
../Core/Src/main.c:112:3: warning: implicit declaration of function 'BMP280_Init' [-Wimplicit-function-declaration]
  112 |   BMP280_Init(&hi2c1, 1, 3, 1);
      |   ^~~~~~~~~~~
../Core/Src/main.c:120:4: warning: implicit declaration of function 'BMP280_ReadTemperatureAndPressure' [-Wimplicit-function-declaration]
  120 |    BMP280_ReadTemperatureAndPressure(&temperature, &pressure);
      |    ^~~~~~~~~~~~~~~~~~~~~~~~~~~~~~~~~
../Core/Src/main.c:121:4: warning: implicit declaration of function 'sprintf' [-Wimplicit-function-declaration]
  121 |    sprintf(data,"%f",temperature);
      |    ^~~~~~~
../Core/Src/main.c:121:4: warning: incompatible implicit declaration of built-in function 'sprintf'
../Core/Src/main.c:22:1: note: include '<stdio.h>' or provide a declaration of 'sprintf'
   21 | #include "main.h"
  +++ |+#include <stdio.h>
   22 | 
arm-none-eabi-gcc -o "SM_Pro.elf" @"objects.list"   -mcpu=cortex-m7 -T"E:\Code\STM\STM_PROJECT\Nucleo\SM_Pro\STM32F746ZGTX_FLASH.ld" --specs=nosys.specs -Wl,-Map="SM_Pro.map" -Wl,--gc-sections -static -u _printf_float --specs=nano.specs -mfpu=fpv5-sp-d16 -mfloat-abi=hard -mthumb -Wl,--start-group -lc -lm -Wl,--end-group
Finished building target: SM_Pro.elf
 
arm-none-eabi-size   SM_Pro.elf 
arm-none-eabi-objdump -h -S  SM_Pro.elf  > "SM_Pro.list"
arm-none-eabi-objcopy  -O binary  SM_Pro.elf  "SM_Pro.bin"
   text	   data	    bss	    dec	    hex	filename
  38544	    484	   2948	  41976	   a3f8	SM_Pro.elf
Finished building: default.size.stdout
 
Finished building: SM_Pro.bin
 
Finished building: SM_Pro.list
 
11:56:33 **** Incremental Build of configuration Debug for project SM_Pro ****
make -j12 all 
arm-none-eabi-gcc "../Core/Src/main.c" -mcpu=cortex-m7 -std=gnu11 -g3 -DDEBUG -DUSE_HAL_DRIVER -DSTM32F746xx -c -I../Core/Inc -I../Drivers/STM32F7xx_HAL_Driver/Inc -I../Drivers/STM32F7xx_HAL_Driver/Inc/Legacy -I../Drivers/CMSIS/Device/ST/STM32F7xx/Include -I../Drivers/CMSIS/Include -O0 -ffunction-sections -fdata-sections -Wall -fstack-usage -MMD -MP -MF"Core/Src/main.d" -MT"Core/Src/main.o" --specs=nano.specs -mfpu=fpv5-sp-d16 -mfloat-abi=hard -mthumb -o "Core/Src/main.o"
../Core/Src/main.c: In function 'main':
../Core/Src/main.c:112:3: warning: implicit declaration of function 'BMP280_Init' [-Wimplicit-function-declaration]
  112 |   BMP280_Init(&hi2c1, 1, 3, 1);
      |   ^~~~~~~~~~~
../Core/Src/main.c:120:4: warning: implicit declaration of function 'BMP280_ReadTemperatureAndPressure' [-Wimplicit-function-declaration]
  120 |    BMP280_ReadTemperatureAndPressure(&temperature, &pressure);
      |    ^~~~~~~~~~~~~~~~~~~~~~~~~~~~~~~~~
../Core/Src/main.c:121:4: warning: implicit declaration of function 'sprintf' [-Wimplicit-function-declaration]
  121 |    sprintf(data,"%f",temperature);
      |    ^~~~~~~
../Core/Src/main.c:121:4: warning: incompatible implicit declaration of built-in function 'sprintf'
../Core/Src/main.c:22:1: note: include '<stdio.h>' or provide a declaration of 'sprintf'
   21 | #include "main.h"
  +++ |+#include <stdio.h>
   22 | 
arm-none-eabi-gcc -o "SM_Pro.elf" @"objects.list"   -mcpu=cortex-m7 -T"E:\Code\STM\STM_PROJECT\Nucleo\SM_Pro\STM32F746ZGTX_FLASH.ld" --specs=nosys.specs -Wl,-Map="SM_Pro.map" -Wl,--gc-sections -static -u _printf_float --specs=nano.specs -mfpu=fpv5-sp-d16 -mfloat-abi=hard -mthumb -Wl,--start-group -lc -lm -Wl,--end-group
Finished building target: SM_Pro.elf
 
arm-none-eabi-size   SM_Pro.elf 
arm-none-eabi-objdump -h -S  SM_Pro.elf  > "SM_Pro.list"
arm-none-eabi-objcopy  -O binary  SM_Pro.elf  "SM_Pro.bin"
   text	   data	    bss	    dec	    hex	filename
  38544	    484	   2948	  41976	   a3f8	SM_Pro.elf
Finished building: default.size.stdout
 
Finished building: SM_Pro.bin
 
Finished building: SM_Pro.list
 
11:57:11 **** Incremental Build of configuration Debug for project SM_Pro ****
make -j12 all 
arm-none-eabi-gcc "../Core/Src/main.c" -mcpu=cortex-m7 -std=gnu11 -g3 -DDEBUG -DUSE_HAL_DRIVER -DSTM32F746xx -c -I../Core/Inc -I../Drivers/STM32F7xx_HAL_Driver/Inc -I../Drivers/STM32F7xx_HAL_Driver/Inc/Legacy -I../Drivers/CMSIS/Device/ST/STM32F7xx/Include -I../Drivers/CMSIS/Include -O0 -ffunction-sections -fdata-sections -Wall -fstack-usage -MMD -MP -MF"Core/Src/main.d" -MT"Core/Src/main.o" --specs=nano.specs -mfpu=fpv5-sp-d16 -mfloat-abi=hard -mthumb -o "Core/Src/main.o"
../Core/Src/main.c: In function 'main':
../Core/Src/main.c:112:3: warning: implicit declaration of function 'BMP280_Init' [-Wimplicit-function-declaration]
  112 |   BMP280_Init(&hi2c1, 1, 3, 1);
      |   ^~~~~~~~~~~
../Core/Src/main.c:120:4: warning: implicit declaration of function 'BMP280_ReadTemperatureAndPressure' [-Wimplicit-function-declaration]
  120 |    BMP280_ReadTemperatureAndPressure(&temperature, &pressure);
      |    ^~~~~~~~~~~~~~~~~~~~~~~~~~~~~~~~~
../Core/Src/main.c:121:4: warning: implicit declaration of function 'sprintf' [-Wimplicit-function-declaration]
  121 |    sprintf(data,"%f",temperature);
      |    ^~~~~~~
../Core/Src/main.c:121:4: warning: incompatible implicit declaration of built-in function 'sprintf'
../Core/Src/main.c:22:1: note: include '<stdio.h>' or provide a declaration of 'sprintf'
   21 | #include "main.h"
  +++ |+#include <stdio.h>
   22 | 
arm-none-eabi-gcc -o "SM_Pro.elf" @"objects.list"   -mcpu=cortex-m7 -T"E:\Code\STM\STM_PROJECT\Nucleo\SM_Pro\STM32F746ZGTX_FLASH.ld" --specs=nosys.specs -Wl,-Map="SM_Pro.map" -Wl,--gc-sections -static -u _printf_float --specs=nano.specs -mfpu=fpv5-sp-d16 -mfloat-abi=hard -mthumb -Wl,--start-group -lc -lm -Wl,--end-group
Finished building target: SM_Pro.elf
 
arm-none-eabi-size   SM_Pro.elf 
arm-none-eabi-objdump -h -S  SM_Pro.elf  > "SM_Pro.list"
arm-none-eabi-objcopy  -O binary  SM_Pro.elf  "SM_Pro.bin"
   text	   data	    bss	    dec	    hex	filename
  38552	    484	   2948	  41984	   a400	SM_Pro.elf
Finished building: default.size.stdout
 
Finished building: SM_Pro.bin
 
Finished building: SM_Pro.list
 
12:15:38 **** Incremental Build of configuration Debug for project SM_Pro ****
make -j12 all 
arm-none-eabi-gcc "../Core/Src/main.c" -mcpu=cortex-m7 -std=gnu11 -g3 -DDEBUG -DUSE_HAL_DRIVER -DSTM32F746xx -c -I../Core/Inc -I../Drivers/STM32F7xx_HAL_Driver/Inc -I../Drivers/STM32F7xx_HAL_Driver/Inc/Legacy -I../Drivers/CMSIS/Device/ST/STM32F7xx/Include -I../Drivers/CMSIS/Include -O0 -ffunction-sections -fdata-sections -Wall -fstack-usage -MMD -MP -MF"Core/Src/main.d" -MT"Core/Src/main.o" --specs=nano.specs -mfpu=fpv5-sp-d16 -mfloat-abi=hard -mthumb -o "Core/Src/main.o"
../Core/Src/main.c: In function 'main':
../Core/Src/main.c:112:3: warning: implicit declaration of function 'BMP280_Init' [-Wimplicit-function-declaration]
  112 |   BMP280_Init(&hi2c1, 1, 3, 1);
      |   ^~~~~~~~~~~
../Core/Src/main.c:120:4: warning: implicit declaration of function 'BMP280_ReadTemperatureAndPressure' [-Wimplicit-function-declaration]
  120 |    BMP280_ReadTemperatureAndPressure(&temperature, &pressure);
      |    ^~~~~~~~~~~~~~~~~~~~~~~~~~~~~~~~~
../Core/Src/main.c:121:4: warning: implicit declaration of function 'sprintf' [-Wimplicit-function-declaration]
  121 |    sprintf(data,"%f",temperature);
      |    ^~~~~~~
../Core/Src/main.c:121:4: warning: incompatible implicit declaration of built-in function 'sprintf'
../Core/Src/main.c:22:1: note: include '<stdio.h>' or provide a declaration of 'sprintf'
   21 | #include "main.h"
  +++ |+#include <stdio.h>
   22 | 
arm-none-eabi-gcc -o "SM_Pro.elf" @"objects.list"   -mcpu=cortex-m7 -T"E:\Code\STM\STM_PROJECT\Nucleo\SM_Pro\STM32F746ZGTX_FLASH.ld" --specs=nosys.specs -Wl,-Map="SM_Pro.map" -Wl,--gc-sections -static -u _printf_float --specs=nano.specs -mfpu=fpv5-sp-d16 -mfloat-abi=hard -mthumb -Wl,--start-group -lc -lm -Wl,--end-group
Finished building target: SM_Pro.elf
 
arm-none-eabi-size   SM_Pro.elf 
arm-none-eabi-objdump -h -S  SM_Pro.elf  > "SM_Pro.list"
arm-none-eabi-objcopy  -O binary  SM_Pro.elf  "SM_Pro.bin"
   text	   data	    bss	    dec	    hex	filename
  38544	    484	   2948	  41976	   a3f8	SM_Pro.elf
Finished building: default.size.stdout
 
Finished building: SM_Pro.bin
 
Finished building: SM_Pro.list
 
12:16:37 **** Incremental Build of configuration Debug for project SM_Pro ****
make -j12 all 
arm-none-eabi-gcc "../Core/Src/main.c" -mcpu=cortex-m7 -std=gnu11 -g3 -DDEBUG -DUSE_HAL_DRIVER -DSTM32F746xx -c -I../Core/Inc -I../Drivers/STM32F7xx_HAL_Driver/Inc -I../Drivers/STM32F7xx_HAL_Driver/Inc/Legacy -I../Drivers/CMSIS/Device/ST/STM32F7xx/Include -I../Drivers/CMSIS/Include -O0 -ffunction-sections -fdata-sections -Wall -fstack-usage -MMD -MP -MF"Core/Src/main.d" -MT"Core/Src/main.o" --specs=nano.specs -mfpu=fpv5-sp-d16 -mfloat-abi=hard -mthumb -o "Core/Src/main.o"
../Core/Src/main.c: In function 'main':
../Core/Src/main.c:112:3: warning: implicit declaration of function 'BMP280_Init' [-Wimplicit-function-declaration]
  112 |   BMP280_Init(&hi2c1, 1, 3, 1);
      |   ^~~~~~~~~~~
../Core/Src/main.c:120:4: warning: implicit declaration of function 'BMP280_ReadTemperatureAndPressure' [-Wimplicit-function-declaration]
  120 |    BMP280_ReadTemperatureAndPressure(&temperature, &pressure);
      |    ^~~~~~~~~~~~~~~~~~~~~~~~~~~~~~~~~
../Core/Src/main.c:121:4: warning: implicit declaration of function 'sprintf' [-Wimplicit-function-declaration]
  121 |    sprintf(data,"%f",temperature);
      |    ^~~~~~~
../Core/Src/main.c:121:4: warning: incompatible implicit declaration of built-in function 'sprintf'
../Core/Src/main.c:22:1: note: include '<stdio.h>' or provide a declaration of 'sprintf'
   21 | #include "main.h"
  +++ |+#include <stdio.h>
   22 | 
arm-none-eabi-gcc -o "SM_Pro.elf" @"objects.list"   -mcpu=cortex-m7 -T"E:\Code\STM\STM_PROJECT\Nucleo\SM_Pro\STM32F746ZGTX_FLASH.ld" --specs=nosys.specs -Wl,-Map="SM_Pro.map" -Wl,--gc-sections -static -u _printf_float --specs=nano.specs -mfpu=fpv5-sp-d16 -mfloat-abi=hard -mthumb -Wl,--start-group -lc -lm -Wl,--end-group
Finished building target: SM_Pro.elf
 
arm-none-eabi-size   SM_Pro.elf 
arm-none-eabi-objdump -h -S  SM_Pro.elf  > "SM_Pro.list"
arm-none-eabi-objcopy  -O binary  SM_Pro.elf  "SM_Pro.bin"
   text	   data	    bss	    dec	    hex	filename
  38568	    484	   2948	  42000	   a410	SM_Pro.elf
Finished building: default.size.stdout
 
Finished building: SM_Pro.bin
 
Finished building: SM_Pro.list
 
12:17:28 **** Incremental Build of configuration Debug for project SM_Pro ****
make -j12 all 
arm-none-eabi-gcc "../Core/Src/main.c" -mcpu=cortex-m7 -std=gnu11 -g3 -DDEBUG -DUSE_HAL_DRIVER -DSTM32F746xx -c -I../Core/Inc -I../Drivers/STM32F7xx_HAL_Driver/Inc -I../Drivers/STM32F7xx_HAL_Driver/Inc/Legacy -I../Drivers/CMSIS/Device/ST/STM32F7xx/Include -I../Drivers/CMSIS/Include -O0 -ffunction-sections -fdata-sections -Wall -fstack-usage -MMD -MP -MF"Core/Src/main.d" -MT"Core/Src/main.o" --specs=nano.specs -mfpu=fpv5-sp-d16 -mfloat-abi=hard -mthumb -o "Core/Src/main.o"
../Core/Src/main.c: In function 'main':
../Core/Src/main.c:112:3: warning: implicit declaration of function 'BMP280_Init' [-Wimplicit-function-declaration]
  112 |   BMP280_Init(&hi2c1, 1, 3, 1);
      |   ^~~~~~~~~~~
../Core/Src/main.c:120:4: warning: implicit declaration of function 'BMP280_ReadTemperatureAndPressure' [-Wimplicit-function-declaration]
  120 |    BMP280_ReadTemperatureAndPressure(&temperature, &pressure);
      |    ^~~~~~~~~~~~~~~~~~~~~~~~~~~~~~~~~
../Core/Src/main.c:121:4: warning: implicit declaration of function 'sprintf' [-Wimplicit-function-declaration]
  121 |    sprintf(data,"%f",temperature);
      |    ^~~~~~~
../Core/Src/main.c:121:4: warning: incompatible implicit declaration of built-in function 'sprintf'
../Core/Src/main.c:22:1: note: include '<stdio.h>' or provide a declaration of 'sprintf'
   21 | #include "main.h"
  +++ |+#include <stdio.h>
   22 | 
../Core/Src/main.c:121:20: warning: 'sprintf' may write a terminating nul past the end of the destination [-Wformat-overflow=]
  121 |    sprintf(data,"%f",temperature);
      |                    ^
../Core/Src/main.c:121:4: note: 'sprintf' output between 4 and 318 bytes into a destination of size 8
  121 |    sprintf(data,"%f",temperature);
      |    ^~~~~~~~~~~~~~~~~~~~~~~~~~~~~~
arm-none-eabi-gcc -o "SM_Pro.elf" @"objects.list"   -mcpu=cortex-m7 -T"E:\Code\STM\STM_PROJECT\Nucleo\SM_Pro\STM32F746ZGTX_FLASH.ld" --specs=nosys.specs -Wl,-Map="SM_Pro.map" -Wl,--gc-sections -static -u _printf_float --specs=nano.specs -mfpu=fpv5-sp-d16 -mfloat-abi=hard -mthumb -Wl,--start-group -lc -lm -Wl,--end-group
Finished building target: SM_Pro.elf
 
arm-none-eabi-size   SM_Pro.elf 
arm-none-eabi-objdump -h -S  SM_Pro.elf  > "SM_Pro.list"
arm-none-eabi-objcopy  -O binary  SM_Pro.elf  "SM_Pro.bin"
   text	   data	    bss	    dec	    hex	filename
  38536	    484	   2948	  41968	   a3f0	SM_Pro.elf
Finished building: default.size.stdout
 
Finished building: SM_Pro.bin
 
Finished building: SM_Pro.list
 
12:18:47 **** Incremental Build of configuration Debug for project SM_Pro ****
make -j12 all 
arm-none-eabi-gcc "../Core/Src/main.c" -mcpu=cortex-m7 -std=gnu11 -g3 -DDEBUG -DUSE_HAL_DRIVER -DSTM32F746xx -c -I../Core/Inc -I../Drivers/STM32F7xx_HAL_Driver/Inc -I../Drivers/STM32F7xx_HAL_Driver/Inc/Legacy -I../Drivers/CMSIS/Device/ST/STM32F7xx/Include -I../Drivers/CMSIS/Include -O0 -ffunction-sections -fdata-sections -Wall -fstack-usage -MMD -MP -MF"Core/Src/main.d" -MT"Core/Src/main.o" --specs=nano.specs -mfpu=fpv5-sp-d16 -mfloat-abi=hard -mthumb -o "Core/Src/main.o"
../Core/Src/main.c: In function 'main':
../Core/Src/main.c:112:3: warning: implicit declaration of function 'BMP280_Init' [-Wimplicit-function-declaration]
  112 |   BMP280_Init(&hi2c1, 1, 3, 1);
      |   ^~~~~~~~~~~
../Core/Src/main.c:120:4: warning: implicit declaration of function 'BMP280_ReadTemperatureAndPressure' [-Wimplicit-function-declaration]
  120 |    BMP280_ReadTemperatureAndPressure(&temperature, &pressure);
      |    ^~~~~~~~~~~~~~~~~~~~~~~~~~~~~~~~~
../Core/Src/main.c:121:4: warning: implicit declaration of function 'sprintf' [-Wimplicit-function-declaration]
  121 |    sprintf(data,"%f",temperature);
      |    ^~~~~~~
../Core/Src/main.c:121:4: warning: incompatible implicit declaration of built-in function 'sprintf'
../Core/Src/main.c:22:1: note: include '<stdio.h>' or provide a declaration of 'sprintf'
   21 | #include "main.h"
  +++ |+#include <stdio.h>
   22 | 
arm-none-eabi-gcc -o "SM_Pro.elf" @"objects.list"   -mcpu=cortex-m7 -T"E:\Code\STM\STM_PROJECT\Nucleo\SM_Pro\STM32F746ZGTX_FLASH.ld" --specs=nosys.specs -Wl,-Map="SM_Pro.map" -Wl,--gc-sections -static -u _printf_float --specs=nano.specs -mfpu=fpv5-sp-d16 -mfloat-abi=hard -mthumb -Wl,--start-group -lc -lm -Wl,--end-group
Finished building target: SM_Pro.elf
 
arm-none-eabi-size   SM_Pro.elf 
arm-none-eabi-objdump -h -S  SM_Pro.elf  > "SM_Pro.list"
arm-none-eabi-objcopy  -O binary  SM_Pro.elf  "SM_Pro.bin"
   text	   data	    bss	    dec	    hex	filename
  38560	    484	   2948	  41992	   a408	SM_Pro.elf
Finished building: default.size.stdout
 
Finished building: SM_Pro.bin
 
Finished building: SM_Pro.list
 
12:20:22 **** Incremental Build of configuration Debug for project SM_Pro ****
make -j12 all 
arm-none-eabi-gcc "../Core/Src/main.c" -mcpu=cortex-m7 -std=gnu11 -g3 -DDEBUG -DUSE_HAL_DRIVER -DSTM32F746xx -c -I../Core/Inc -I../Drivers/STM32F7xx_HAL_Driver/Inc -I../Drivers/STM32F7xx_HAL_Driver/Inc/Legacy -I../Drivers/CMSIS/Device/ST/STM32F7xx/Include -I../Drivers/CMSIS/Include -O0 -ffunction-sections -fdata-sections -Wall -fstack-usage -MMD -MP -MF"Core/Src/main.d" -MT"Core/Src/main.o" --specs=nano.specs -mfpu=fpv5-sp-d16 -mfloat-abi=hard -mthumb -o "Core/Src/main.o"
../Core/Src/main.c: In function 'main':
../Core/Src/main.c:112:3: warning: implicit declaration of function 'BMP280_Init' [-Wimplicit-function-declaration]
  112 |   BMP280_Init(&hi2c1, 1, 3, 1);
      |   ^~~~~~~~~~~
../Core/Src/main.c:120:4: warning: implicit declaration of function 'BMP280_ReadTemperatureAndPressure' [-Wimplicit-function-declaration]
  120 |    BMP280_ReadTemperatureAndPressure(&temperature, &pressure);
      |    ^~~~~~~~~~~~~~~~~~~~~~~~~~~~~~~~~
../Core/Src/main.c:121:4: warning: implicit declaration of function 'sprintf' [-Wimplicit-function-declaration]
  121 |    sprintf(data,"%f",temperature);
      |    ^~~~~~~
../Core/Src/main.c:121:4: warning: incompatible implicit declaration of built-in function 'sprintf'
../Core/Src/main.c:22:1: note: include '<stdio.h>' or provide a declaration of 'sprintf'
   21 | #include "main.h"
  +++ |+#include <stdio.h>
   22 | 
arm-none-eabi-gcc -o "SM_Pro.elf" @"objects.list"   -mcpu=cortex-m7 -T"E:\Code\STM\STM_PROJECT\Nucleo\SM_Pro\STM32F746ZGTX_FLASH.ld" --specs=nosys.specs -Wl,-Map="SM_Pro.map" -Wl,--gc-sections -static -u _printf_float --specs=nano.specs -mfpu=fpv5-sp-d16 -mfloat-abi=hard -mthumb -Wl,--start-group -lc -lm -Wl,--end-group
Finished building target: SM_Pro.elf
 
arm-none-eabi-size   SM_Pro.elf 
arm-none-eabi-objdump -h -S  SM_Pro.elf  > "SM_Pro.list"
arm-none-eabi-objcopy  -O binary  SM_Pro.elf  "SM_Pro.bin"
   text	   data	    bss	    dec	    hex	filename
  38560	    484	   2948	  41992	   a408	SM_Pro.elf
Finished building: default.size.stdout
 
Finished building: SM_Pro.bin
 
Finished building: SM_Pro.list
 
12:22:11 **** Incremental Build of configuration Debug for project SM_Pro ****
make -j12 all 
arm-none-eabi-gcc "../Core/Src/main.c" -mcpu=cortex-m7 -std=gnu11 -g3 -DDEBUG -DUSE_HAL_DRIVER -DSTM32F746xx -c -I../Core/Inc -I../Drivers/STM32F7xx_HAL_Driver/Inc -I../Drivers/STM32F7xx_HAL_Driver/Inc/Legacy -I../Drivers/CMSIS/Device/ST/STM32F7xx/Include -I../Drivers/CMSIS/Include -O0 -ffunction-sections -fdata-sections -Wall -fstack-usage -MMD -MP -MF"Core/Src/main.d" -MT"Core/Src/main.o" --specs=nano.specs -mfpu=fpv5-sp-d16 -mfloat-abi=hard -mthumb -o "Core/Src/main.o"
../Core/Src/main.c: In function 'main':
../Core/Src/main.c:112:3: warning: implicit declaration of function 'BMP280_Init' [-Wimplicit-function-declaration]
  112 |   BMP280_Init(&hi2c1, 1, 3, 1);
      |   ^~~~~~~~~~~
../Core/Src/main.c:120:4: warning: implicit declaration of function 'BMP280_ReadTemperatureAndPressure' [-Wimplicit-function-declaration]
  120 |    BMP280_ReadTemperatureAndPressure(&temperature, &pressure);
      |    ^~~~~~~~~~~~~~~~~~~~~~~~~~~~~~~~~
../Core/Src/main.c:121:4: warning: implicit declaration of function 'sprintf' [-Wimplicit-function-declaration]
  121 |    sprintf(data,"%f",temperature);
      |    ^~~~~~~
../Core/Src/main.c:121:4: warning: incompatible implicit declaration of built-in function 'sprintf'
../Core/Src/main.c:22:1: note: include '<stdio.h>' or provide a declaration of 'sprintf'
   21 | #include "main.h"
  +++ |+#include <stdio.h>
   22 | 
arm-none-eabi-gcc -o "SM_Pro.elf" @"objects.list"   -mcpu=cortex-m7 -T"E:\Code\STM\STM_PROJECT\Nucleo\SM_Pro\STM32F746ZGTX_FLASH.ld" --specs=nosys.specs -Wl,-Map="SM_Pro.map" -Wl,--gc-sections -static -u _printf_float --specs=nano.specs -mfpu=fpv5-sp-d16 -mfloat-abi=hard -mthumb -Wl,--start-group -lc -lm -Wl,--end-group
Finished building target: SM_Pro.elf
 
arm-none-eabi-size   SM_Pro.elf 
arm-none-eabi-objdump -h -S  SM_Pro.elf  > "SM_Pro.list"
arm-none-eabi-objcopy  -O binary  SM_Pro.elf  "SM_Pro.bin"
   text	   data	    bss	    dec	    hex	filename
  38552	    484	   2948	  41984	   a400	SM_Pro.elf
Finished building: default.size.stdout
 
Finished building: SM_Pro.bin
 
Finished building: SM_Pro.list
 
12:23:54 **** Incremental Build of configuration Debug for project SM_Pro ****
make -j12 all 
arm-none-eabi-gcc "../Core/Src/main.c" -mcpu=cortex-m7 -std=gnu11 -g3 -DDEBUG -DUSE_HAL_DRIVER -DSTM32F746xx -c -I../Core/Inc -I../Drivers/STM32F7xx_HAL_Driver/Inc -I../Drivers/STM32F7xx_HAL_Driver/Inc/Legacy -I../Drivers/CMSIS/Device/ST/STM32F7xx/Include -I../Drivers/CMSIS/Include -O0 -ffunction-sections -fdata-sections -Wall -fstack-usage -MMD -MP -MF"Core/Src/main.d" -MT"Core/Src/main.o" --specs=nano.specs -mfpu=fpv5-sp-d16 -mfloat-abi=hard -mthumb -o "Core/Src/main.o"
../Core/Src/main.c: In function 'main':
../Core/Src/main.c:112:3: warning: implicit declaration of function 'BMP280_Init' [-Wimplicit-function-declaration]
  112 |   BMP280_Init(&hi2c1, 1, 3, 1);
      |   ^~~~~~~~~~~
../Core/Src/main.c:120:4: warning: implicit declaration of function 'BMP280_ReadTemperatureAndPressure' [-Wimplicit-function-declaration]
  120 |    BMP280_ReadTemperatureAndPressure(&temperature, &pressure);
      |    ^~~~~~~~~~~~~~~~~~~~~~~~~~~~~~~~~
../Core/Src/main.c:121:4: warning: implicit declaration of function 'sprintf' [-Wimplicit-function-declaration]
  121 |    sprintf(data,"%f",temperature);
      |    ^~~~~~~
../Core/Src/main.c:121:4: warning: incompatible implicit declaration of built-in function 'sprintf'
../Core/Src/main.c:22:1: note: include '<stdio.h>' or provide a declaration of 'sprintf'
   21 | #include "main.h"
  +++ |+#include <stdio.h>
   22 | 
arm-none-eabi-gcc -o "SM_Pro.elf" @"objects.list"   -mcpu=cortex-m7 -T"E:\Code\STM\STM_PROJECT\Nucleo\SM_Pro\STM32F746ZGTX_FLASH.ld" --specs=nosys.specs -Wl,-Map="SM_Pro.map" -Wl,--gc-sections -static -u _printf_float --specs=nano.specs -mfpu=fpv5-sp-d16 -mfloat-abi=hard -mthumb -Wl,--start-group -lc -lm -Wl,--end-group
Finished building target: SM_Pro.elf
 
arm-none-eabi-size   SM_Pro.elf 
arm-none-eabi-objdump -h -S  SM_Pro.elf  > "SM_Pro.list"
arm-none-eabi-objcopy  -O binary  SM_Pro.elf  "SM_Pro.bin"
   text	   data	    bss	    dec	    hex	filename
  38552	    484	   2948	  41984	   a400	SM_Pro.elf
Finished building: default.size.stdout
 
Finished building: SM_Pro.bin
 
Finished building: SM_Pro.list
 
12:27:54 **** Incremental Build of configuration Debug for project SM_Pro ****
make -j12 all 
arm-none-eabi-gcc "../Core/Src/main.c" -mcpu=cortex-m7 -std=gnu11 -g3 -DDEBUG -DUSE_HAL_DRIVER -DSTM32F746xx -c -I../Core/Inc -I../Drivers/STM32F7xx_HAL_Driver/Inc -I../Drivers/STM32F7xx_HAL_Driver/Inc/Legacy -I../Drivers/CMSIS/Device/ST/STM32F7xx/Include -I../Drivers/CMSIS/Include -O0 -ffunction-sections -fdata-sections -Wall -fstack-usage -MMD -MP -MF"Core/Src/main.d" -MT"Core/Src/main.o" --specs=nano.specs -mfpu=fpv5-sp-d16 -mfloat-abi=hard -mthumb -o "Core/Src/main.o"
../Core/Src/main.c: In function 'main':
../Core/Src/main.c:112:3: warning: implicit declaration of function 'BMP280_Init' [-Wimplicit-function-declaration]
  112 |   BMP280_Init(&hi2c1, 1, 3, 1);
      |   ^~~~~~~~~~~
../Core/Src/main.c:120:4: warning: implicit declaration of function 'BMP280_ReadTemperatureAndPressure' [-Wimplicit-function-declaration]
  120 |    BMP280_ReadTemperatureAndPressure(&temperature, &pressure);
      |    ^~~~~~~~~~~~~~~~~~~~~~~~~~~~~~~~~
../Core/Src/main.c:121:4: warning: implicit declaration of function 'sprintf' [-Wimplicit-function-declaration]
  121 |    sprintf(data,"%f",temperature);
      |    ^~~~~~~
../Core/Src/main.c:121:4: warning: incompatible implicit declaration of built-in function 'sprintf'
../Core/Src/main.c:22:1: note: include '<stdio.h>' or provide a declaration of 'sprintf'
   21 | #include "main.h"
  +++ |+#include <stdio.h>
   22 | 
arm-none-eabi-gcc -o "SM_Pro.elf" @"objects.list"   -mcpu=cortex-m7 -T"E:\Code\STM\STM_PROJECT\Nucleo\SM_Pro\STM32F746ZGTX_FLASH.ld" --specs=nosys.specs -Wl,-Map="SM_Pro.map" -Wl,--gc-sections -static -u _printf_float --specs=nano.specs -mfpu=fpv5-sp-d16 -mfloat-abi=hard -mthumb -Wl,--start-group -lc -lm -Wl,--end-group
Finished building target: SM_Pro.elf
 
arm-none-eabi-size   SM_Pro.elf 
arm-none-eabi-objdump -h -S  SM_Pro.elf  > "SM_Pro.list"
arm-none-eabi-objcopy  -O binary  SM_Pro.elf  "SM_Pro.bin"
   text	   data	    bss	    dec	    hex	filename
  38544	    484	   2948	  41976	   a3f8	SM_Pro.elf
Finished building: default.size.stdout
 
Finished building: SM_Pro.bin
 
Finished building: SM_Pro.list
 
12:28:42 **** Incremental Build of configuration Debug for project SM_Pro ****
make -j12 all 
arm-none-eabi-gcc "../Core/Src/main.c" -mcpu=cortex-m7 -std=gnu11 -g3 -DDEBUG -DUSE_HAL_DRIVER -DSTM32F746xx -c -I../Core/Inc -I../Drivers/STM32F7xx_HAL_Driver/Inc -I../Drivers/STM32F7xx_HAL_Driver/Inc/Legacy -I../Drivers/CMSIS/Device/ST/STM32F7xx/Include -I../Drivers/CMSIS/Include -O0 -ffunction-sections -fdata-sections -Wall -fstack-usage -MMD -MP -MF"Core/Src/main.d" -MT"Core/Src/main.o" --specs=nano.specs -mfpu=fpv5-sp-d16 -mfloat-abi=hard -mthumb -o "Core/Src/main.o"
../Core/Src/main.c: In function 'main':
../Core/Src/main.c:112:3: warning: implicit declaration of function 'BMP280_Init' [-Wimplicit-function-declaration]
  112 |   BMP280_Init(&hi2c1, 1, 3, 1);
      |   ^~~~~~~~~~~
../Core/Src/main.c:120:4: warning: implicit declaration of function 'BMP280_ReadTemperatureAndPressure' [-Wimplicit-function-declaration]
  120 |    BMP280_ReadTemperatureAndPressure(&temperature, &pressure);
      |    ^~~~~~~~~~~~~~~~~~~~~~~~~~~~~~~~~
../Core/Src/main.c:121:4: warning: implicit declaration of function 'sprintf' [-Wimplicit-function-declaration]
  121 |    sprintf(data,"%f",temperature);
      |    ^~~~~~~
../Core/Src/main.c:121:4: warning: incompatible implicit declaration of built-in function 'sprintf'
../Core/Src/main.c:22:1: note: include '<stdio.h>' or provide a declaration of 'sprintf'
   21 | #include "main.h"
  +++ |+#include <stdio.h>
   22 | 
arm-none-eabi-gcc -o "SM_Pro.elf" @"objects.list"   -mcpu=cortex-m7 -T"E:\Code\STM\STM_PROJECT\Nucleo\SM_Pro\STM32F746ZGTX_FLASH.ld" --specs=nosys.specs -Wl,-Map="SM_Pro.map" -Wl,--gc-sections -static -u _printf_float --specs=nano.specs -mfpu=fpv5-sp-d16 -mfloat-abi=hard -mthumb -Wl,--start-group -lc -lm -Wl,--end-group
Finished building target: SM_Pro.elf
 
arm-none-eabi-size   SM_Pro.elf 
arm-none-eabi-objdump -h -S  SM_Pro.elf  > "SM_Pro.list"
arm-none-eabi-objcopy  -O binary  SM_Pro.elf  "SM_Pro.bin"
   text	   data	    bss	    dec	    hex	filename
  38544	    484	   2948	  41976	   a3f8	SM_Pro.elf
Finished building: default.size.stdout
 
Finished building: SM_Pro.bin
 
Finished building: SM_Pro.list
 
12:30:11 **** Incremental Build of configuration Debug for project SM_Pro ****
make -j12 all 
arm-none-eabi-gcc "../Core/Src/main.c" -mcpu=cortex-m7 -std=gnu11 -g3 -DDEBUG -DUSE_HAL_DRIVER -DSTM32F746xx -c -I../Core/Inc -I../Drivers/STM32F7xx_HAL_Driver/Inc -I../Drivers/STM32F7xx_HAL_Driver/Inc/Legacy -I../Drivers/CMSIS/Device/ST/STM32F7xx/Include -I../Drivers/CMSIS/Include -O0 -ffunction-sections -fdata-sections -Wall -fstack-usage -MMD -MP -MF"Core/Src/main.d" -MT"Core/Src/main.o" --specs=nano.specs -mfpu=fpv5-sp-d16 -mfloat-abi=hard -mthumb -o "Core/Src/main.o"
../Core/Src/main.c: In function 'main':
../Core/Src/main.c:112:3: warning: implicit declaration of function 'BMP280_Init' [-Wimplicit-function-declaration]
  112 |   BMP280_Init(&hi2c1, 1, 3, 1);
      |   ^~~~~~~~~~~
../Core/Src/main.c:120:4: warning: implicit declaration of function 'BMP280_ReadTemperatureAndPressure' [-Wimplicit-function-declaration]
  120 |    BMP280_ReadTemperatureAndPressure(&temperature, &pressure);
      |    ^~~~~~~~~~~~~~~~~~~~~~~~~~~~~~~~~
../Core/Src/main.c:121:4: warning: implicit declaration of function 'sprintf' [-Wimplicit-function-declaration]
  121 |    sprintf(data,"%.e",temperature);
      |    ^~~~~~~
../Core/Src/main.c:121:4: warning: incompatible implicit declaration of built-in function 'sprintf'
../Core/Src/main.c:22:1: note: include '<stdio.h>' or provide a declaration of 'sprintf'
   21 | #include "main.h"
  +++ |+#include <stdio.h>
   22 | 
arm-none-eabi-gcc -o "SM_Pro.elf" @"objects.list"   -mcpu=cortex-m7 -T"E:\Code\STM\STM_PROJECT\Nucleo\SM_Pro\STM32F746ZGTX_FLASH.ld" --specs=nosys.specs -Wl,-Map="SM_Pro.map" -Wl,--gc-sections -static -u _printf_float --specs=nano.specs -mfpu=fpv5-sp-d16 -mfloat-abi=hard -mthumb -Wl,--start-group -lc -lm -Wl,--end-group
Finished building target: SM_Pro.elf
 
arm-none-eabi-size   SM_Pro.elf 
arm-none-eabi-objdump -h -S  SM_Pro.elf  > "SM_Pro.list"
arm-none-eabi-objcopy  -O binary  SM_Pro.elf  "SM_Pro.bin"
   text	   data	    bss	    dec	    hex	filename
  38544	    484	   2948	  41976	   a3f8	SM_Pro.elf
Finished building: default.size.stdout
 
Finished building: SM_Pro.bin
 
Finished building: SM_Pro.list
 
12:33:30 **** Incremental Build of configuration Debug for project SM_Pro ****
make -j12 all 
arm-none-eabi-gcc "../Core/Src/main.c" -mcpu=cortex-m7 -std=gnu11 -g3 -DDEBUG -DUSE_HAL_DRIVER -DSTM32F746xx -c -I../Core/Inc -I../Drivers/STM32F7xx_HAL_Driver/Inc -I../Drivers/STM32F7xx_HAL_Driver/Inc/Legacy -I../Drivers/CMSIS/Device/ST/STM32F7xx/Include -I../Drivers/CMSIS/Include -O0 -ffunction-sections -fdata-sections -Wall -fstack-usage -MMD -MP -MF"Core/Src/main.d" -MT"Core/Src/main.o" --specs=nano.specs -mfpu=fpv5-sp-d16 -mfloat-abi=hard -mthumb -o "Core/Src/main.o"
../Core/Src/main.c: In function 'main':
../Core/Src/main.c:112:3: warning: implicit declaration of function 'BMP280_Init' [-Wimplicit-function-declaration]
  112 |   BMP280_Init(&hi2c1, 1, 3, 1);
      |   ^~~~~~~~~~~
../Core/Src/main.c:120:4: warning: implicit declaration of function 'BMP280_ReadTemperatureAndPressure' [-Wimplicit-function-declaration]
  120 |    BMP280_ReadTemperatureAndPressure(&temperature, &pressure);
      |    ^~~~~~~~~~~~~~~~~~~~~~~~~~~~~~~~~
../Core/Src/main.c:123:31: warning: cast to pointer from integer of different size [-Wint-to-pointer-cast]
  123 |    HAL_UART_Transmit(&huart3, (uint8_t*)data, COUNTOF(data), 1000);
      |                               ^
../Core/Src/main.c:43:52: error: invalid type argument of unary '*' (have 'int')
   43 | #define COUNTOF(_BUFFER_) (sizeof(_BUFFER_)/sizeof(*(_BUFFER_)))
      |                                                    ^~~~~~~~~~~
../Core/Src/main.c:123:47: note: in expansion of macro 'COUNTOF'
  123 |    HAL_UART_Transmit(&huart3, (uint8_t*)data, COUNTOF(data), 1000);
      |                                               ^~~~~~~
make: *** [Core/Src/subdir.mk:37: Core/Src/main.o] Error 1
"make -j12 all" terminated with exit code 2. Build might be incomplete.
12:36:12 **** Incremental Build of configuration Debug for project SM_Pro ****
make -j12 all 
arm-none-eabi-gcc "../Core/Src/main.c" -mcpu=cortex-m7 -std=gnu11 -g3 -DDEBUG -DUSE_HAL_DRIVER -DSTM32F746xx -c -I../Core/Inc -I../Drivers/STM32F7xx_HAL_Driver/Inc -I../Drivers/STM32F7xx_HAL_Driver/Inc/Legacy -I../Drivers/CMSIS/Device/ST/STM32F7xx/Include -I../Drivers/CMSIS/Include -O0 -ffunction-sections -fdata-sections -Wall -fstack-usage -MMD -MP -MF"Core/Src/main.d" -MT"Core/Src/main.o" --specs=nano.specs -mfpu=fpv5-sp-d16 -mfloat-abi=hard -mthumb -o "Core/Src/main.o"
../Core/Src/main.c: In function 'main':
../Core/Src/main.c:113:3: warning: implicit declaration of function 'BMP280_Init' [-Wimplicit-function-declaration]
  113 |   BMP280_Init(&hi2c1, 1, 3, 1);
      |   ^~~~~~~~~~~
../Core/Src/main.c:121:4: warning: implicit declaration of function 'BMP280_ReadTemperatureAndPressure' [-Wimplicit-function-declaration]
  121 |    BMP280_ReadTemperatureAndPressure(&temperature, &pressure);
      |    ^~~~~~~~~~~~~~~~~~~~~~~~~~~~~~~~~
../Core/Src/main.c:124:31: warning: cast to pointer from integer of different size [-Wint-to-pointer-cast]
  124 |    HAL_UART_Transmit(&huart3, (uint8_t*)data, COUNTOF(data), 1000);
      |                               ^
../Core/Src/main.c:43:52: error: invalid type argument of unary '*' (have 'int')
   43 | #define COUNTOF(_BUFFER_) (sizeof(_BUFFER_)/sizeof(*(_BUFFER_)))
      |                                                    ^~~~~~~~~~~
../Core/Src/main.c:124:47: note: in expansion of macro 'COUNTOF'
  124 |    HAL_UART_Transmit(&huart3, (uint8_t*)data, COUNTOF(data), 1000);
      |                                               ^~~~~~~
make: *** [Core/Src/subdir.mk:37: Core/Src/main.o] Error 1
"make -j12 all" terminated with exit code 2. Build might be incomplete.
12:37:09 **** Incremental Build of configuration Debug for project SM_Pro ****
make -j12 all 
arm-none-eabi-gcc "../Core/Src/main.c" -mcpu=cortex-m7 -std=gnu11 -g3 -DDEBUG -DUSE_HAL_DRIVER -DSTM32F746xx -c -I../Core/Inc -I../Drivers/STM32F7xx_HAL_Driver/Inc -I../Drivers/STM32F7xx_HAL_Driver/Inc/Legacy -I../Drivers/CMSIS/Device/ST/STM32F7xx/Include -I../Drivers/CMSIS/Include -O0 -ffunction-sections -fdata-sections -Wall -fstack-usage -MMD -MP -MF"Core/Src/main.d" -MT"Core/Src/main.o" --specs=nano.specs -mfpu=fpv5-sp-d16 -mfloat-abi=hard -mthumb -o "Core/Src/main.o"
../Core/Src/main.c: In function 'main':
../Core/Src/main.c:113:3: warning: implicit declaration of function 'BMP280_Init' [-Wimplicit-function-declaration]
  113 |   BMP280_Init(&hi2c1, 1, 3, 1);
      |   ^~~~~~~~~~~
../Core/Src/main.c:121:4: warning: implicit declaration of function 'BMP280_ReadTemperatureAndPressure' [-Wimplicit-function-declaration]
  121 |    BMP280_ReadTemperatureAndPressure(&temperature, &pressure);
      |    ^~~~~~~~~~~~~~~~~~~~~~~~~~~~~~~~~
../Core/Src/main.c:124:31: warning: cast to pointer from integer of different size [-Wint-to-pointer-cast]
  124 |    HAL_UART_Transmit(&huart3, (uint8_t*)data, COUNTOF(data), 1000);
      |                               ^
../Core/Src/main.c:43:47: warning: division 'sizeof (char *) / sizeof (char)' does not compute the number of array elements [-Wsizeof-pointer-div]
   43 | #define COUNTOF(_BUFFER_) (sizeof(&(_BUFFER_))/sizeof((_BUFFER_)))
      |                                               ^
../Core/Src/main.c:124:47: note: in expansion of macro 'COUNTOF'
  124 |    HAL_UART_Transmit(&huart3, (uint8_t*)data, COUNTOF(data), 1000);
      |                                               ^~~~~~~
arm-none-eabi-gcc -o "SM_Pro.elf" @"objects.list"   -mcpu=cortex-m7 -T"E:\Code\STM\STM_PROJECT\Nucleo\SM_Pro\STM32F746ZGTX_FLASH.ld" --specs=nosys.specs -Wl,-Map="SM_Pro.map" -Wl,--gc-sections -static -u _printf_float --specs=nano.specs -mfpu=fpv5-sp-d16 -mfloat-abi=hard -mthumb -Wl,--start-group -lc -lm -Wl,--end-group
Finished building target: SM_Pro.elf
 
arm-none-eabi-size   SM_Pro.elf 
arm-none-eabi-objdump -h -S  SM_Pro.elf  > "SM_Pro.list"
arm-none-eabi-objcopy  -O binary  SM_Pro.elf  "SM_Pro.bin"
   text	   data	    bss	    dec	    hex	filename
  37624	    484	   2948	  41056	   a060	SM_Pro.elf
Finished building: default.size.stdout
 
Finished building: SM_Pro.bin
 
Finished building: SM_Pro.list
 
12:45:47 **** Incremental Build of configuration Debug for project SM_Pro ****
make -j12 all 
arm-none-eabi-gcc "../Core/Src/main.c" -mcpu=cortex-m7 -std=gnu11 -g3 -DDEBUG -DUSE_HAL_DRIVER -DSTM32F746xx -c -I../Core/Inc -I../Drivers/STM32F7xx_HAL_Driver/Inc -I../Drivers/STM32F7xx_HAL_Driver/Inc/Legacy -I../Drivers/CMSIS/Device/ST/STM32F7xx/Include -I../Drivers/CMSIS/Include -O0 -ffunction-sections -fdata-sections -Wall -fstack-usage -MMD -MP -MF"Core/Src/main.d" -MT"Core/Src/main.o" --specs=nano.specs -mfpu=fpv5-sp-d16 -mfloat-abi=hard -mthumb -o "Core/Src/main.o"
../Core/Src/main.c: In function 'main':
../Core/Src/main.c:112:3: warning: implicit declaration of function 'BMP280_Init' [-Wimplicit-function-declaration]
  112 |   BMP280_Init(&hi2c1, 1, 3, 1);
      |   ^~~~~~~~~~~
../Core/Src/main.c:120:4: warning: implicit declaration of function 'BMP280_ReadTemperatureAndPressure' [-Wimplicit-function-declaration]
  120 |    BMP280_ReadTemperatureAndPressure(&temperature, &pressure);
      |    ^~~~~~~~~~~~~~~~~~~~~~~~~~~~~~~~~
../Core/Src/main.c:121:4: warning: implicit declaration of function 'sprintf' [-Wimplicit-function-declaration]
  121 |    sprintf(data,"%f",temperature);
      |    ^~~~~~~
../Core/Src/main.c:121:4: warning: incompatible implicit declaration of built-in function 'sprintf'
../Core/Src/main.c:22:1: note: include '<stdio.h>' or provide a declaration of 'sprintf'
   21 | #include "main.h"
  +++ |+#include <stdio.h>
   22 | 
../Core/Src/main.c:43:47: warning: division 'sizeof (char (*)[16]) / sizeof (char[16])' does not compute the number of array elements [-Wsizeof-pointer-div]
   43 | #define COUNTOF(_BUFFER_) (sizeof(&(_BUFFER_))/sizeof((_BUFFER_)))
      |                                               ^
../Core/Src/main.c:123:47: note: in expansion of macro 'COUNTOF'
  123 |    HAL_UART_Transmit(&huart3, (uint8_t*)data, COUNTOF(data), 1000);
      |                                               ^~~~~~~
arm-none-eabi-gcc -o "SM_Pro.elf" @"objects.list"   -mcpu=cortex-m7 -T"E:\Code\STM\STM_PROJECT\Nucleo\SM_Pro\STM32F746ZGTX_FLASH.ld" --specs=nosys.specs -Wl,-Map="SM_Pro.map" -Wl,--gc-sections -static -u _printf_float --specs=nano.specs -mfpu=fpv5-sp-d16 -mfloat-abi=hard -mthumb -Wl,--start-group -lc -lm -Wl,--end-group
Finished building target: SM_Pro.elf
 
arm-none-eabi-size   SM_Pro.elf 
arm-none-eabi-objdump -h -S  SM_Pro.elf  > "SM_Pro.list"
arm-none-eabi-objcopy  -O binary  SM_Pro.elf  "SM_Pro.bin"
   text	   data	    bss	    dec	    hex	filename
  38544	    484	   2948	  41976	   a3f8	SM_Pro.elf
Finished building: default.size.stdout
 
Finished building: SM_Pro.bin
 
Finished building: SM_Pro.list
 
12:47:19 **** Incremental Build of configuration Debug for project SM_Pro ****
make -j12 all 
arm-none-eabi-gcc "../Core/Src/main.c" -mcpu=cortex-m7 -std=gnu11 -g3 -DDEBUG -DUSE_HAL_DRIVER -DSTM32F746xx -c -I../Core/Inc -I../Drivers/STM32F7xx_HAL_Driver/Inc -I../Drivers/STM32F7xx_HAL_Driver/Inc/Legacy -I../Drivers/CMSIS/Device/ST/STM32F7xx/Include -I../Drivers/CMSIS/Include -O0 -ffunction-sections -fdata-sections -Wall -fstack-usage -MMD -MP -MF"Core/Src/main.d" -MT"Core/Src/main.o" --specs=nano.specs -mfpu=fpv5-sp-d16 -mfloat-abi=hard -mthumb -o "Core/Src/main.o"
../Core/Src/main.c: In function 'main':
../Core/Src/main.c:112:3: warning: implicit declaration of function 'BMP280_Init' [-Wimplicit-function-declaration]
  112 |   BMP280_Init(&hi2c1, 1, 3, 1);
      |   ^~~~~~~~~~~
../Core/Src/main.c:120:4: warning: implicit declaration of function 'BMP280_ReadTemperatureAndPressure' [-Wimplicit-function-declaration]
  120 |    BMP280_ReadTemperatureAndPressure(&temperature, &pressure);
      |    ^~~~~~~~~~~~~~~~~~~~~~~~~~~~~~~~~
../Core/Src/main.c:121:4: warning: implicit declaration of function 'sprintf' [-Wimplicit-function-declaration]
  121 |    sprintf(data,"%f\0",temperature);
      |    ^~~~~~~
../Core/Src/main.c:121:4: warning: incompatible implicit declaration of built-in function 'sprintf'
../Core/Src/main.c:22:1: note: include '<stdio.h>' or provide a declaration of 'sprintf'
   21 | #include "main.h"
  +++ |+#include <stdio.h>
   22 | 
../Core/Src/main.c:121:20: warning: embedded '\0' in format [-Wformat-contains-nul]
  121 |    sprintf(data,"%f\0",temperature);
      |                    ^~
../Core/Src/main.c:43:47: warning: division 'sizeof (char (*)[16]) / sizeof (char[16])' does not compute the number of array elements [-Wsizeof-pointer-div]
   43 | #define COUNTOF(_BUFFER_) (sizeof(&(_BUFFER_))/sizeof((_BUFFER_)))
      |                                               ^
../Core/Src/main.c:123:47: note: in expansion of macro 'COUNTOF'
  123 |    HAL_UART_Transmit(&huart3, (uint8_t*)data, COUNTOF(data), 1000);
      |                                               ^~~~~~~
arm-none-eabi-gcc -o "SM_Pro.elf" @"objects.list"   -mcpu=cortex-m7 -T"E:\Code\STM\STM_PROJECT\Nucleo\SM_Pro\STM32F746ZGTX_FLASH.ld" --specs=nosys.specs -Wl,-Map="SM_Pro.map" -Wl,--gc-sections -static -u _printf_float --specs=nano.specs -mfpu=fpv5-sp-d16 -mfloat-abi=hard -mthumb -Wl,--start-group -lc -lm -Wl,--end-group
Finished building target: SM_Pro.elf
 
arm-none-eabi-size   SM_Pro.elf 
arm-none-eabi-objdump -h -S  SM_Pro.elf  > "SM_Pro.list"
arm-none-eabi-objcopy  -O binary  SM_Pro.elf  "SM_Pro.bin"
   text	   data	    bss	    dec	    hex	filename
  38544	    484	   2948	  41976	   a3f8	SM_Pro.elf
Finished building: default.size.stdout
 
Finished building: SM_Pro.bin
 
Finished building: SM_Pro.list
 
12:47:20 **** Incremental Build of configuration Debug for project SM_Pro ****
make -j12 all 
arm-none-eabi-size   SM_Pro.elf 
   text	   data	    bss	    dec	    hex	filename
  38544	    484	   2948	  41976	   a3f8	SM_Pro.elf
Finished building: default.size.stdout
 
12:48:07 **** Incremental Build of configuration Debug for project SM_Pro ****
make -j12 all 
arm-none-eabi-gcc "../Core/Src/main.c" -mcpu=cortex-m7 -std=gnu11 -g3 -DDEBUG -DUSE_HAL_DRIVER -DSTM32F746xx -c -I../Core/Inc -I../Drivers/STM32F7xx_HAL_Driver/Inc -I../Drivers/STM32F7xx_HAL_Driver/Inc/Legacy -I../Drivers/CMSIS/Device/ST/STM32F7xx/Include -I../Drivers/CMSIS/Include -O0 -ffunction-sections -fdata-sections -Wall -fstack-usage -MMD -MP -MF"Core/Src/main.d" -MT"Core/Src/main.o" --specs=nano.specs -mfpu=fpv5-sp-d16 -mfloat-abi=hard -mthumb -o "Core/Src/main.o"
../Core/Src/main.c: In function 'main':
../Core/Src/main.c:112:3: warning: implicit declaration of function 'BMP280_Init' [-Wimplicit-function-declaration]
  112 |   BMP280_Init(&hi2c1, 1, 3, 1);
      |   ^~~~~~~~~~~
../Core/Src/main.c:120:4: warning: implicit declaration of function 'BMP280_ReadTemperatureAndPressure' [-Wimplicit-function-declaration]
  120 |    BMP280_ReadTemperatureAndPressure(&temperature, &pressure);
      |    ^~~~~~~~~~~~~~~~~~~~~~~~~~~~~~~~~
../Core/Src/main.c:121:4: warning: implicit declaration of function 'sprintf' [-Wimplicit-function-declaration]
  121 |    sprintf(data,"%f\0",temperature);
      |    ^~~~~~~
../Core/Src/main.c:121:4: warning: incompatible implicit declaration of built-in function 'sprintf'
../Core/Src/main.c:22:1: note: include '<stdio.h>' or provide a declaration of 'sprintf'
   21 | #include "main.h"
  +++ |+#include <stdio.h>
   22 | 
../Core/Src/main.c:121:20: warning: embedded '\0' in format [-Wformat-contains-nul]
  121 |    sprintf(data,"%f\0",temperature);
      |                    ^~
arm-none-eabi-gcc -o "SM_Pro.elf" @"objects.list"   -mcpu=cortex-m7 -T"E:\Code\STM\STM_PROJECT\Nucleo\SM_Pro\STM32F746ZGTX_FLASH.ld" --specs=nosys.specs -Wl,-Map="SM_Pro.map" -Wl,--gc-sections -static -u _printf_float --specs=nano.specs -mfpu=fpv5-sp-d16 -mfloat-abi=hard -mthumb -Wl,--start-group -lc -lm -Wl,--end-group
Finished building target: SM_Pro.elf
 
arm-none-eabi-size   SM_Pro.elf 
arm-none-eabi-objdump -h -S  SM_Pro.elf  > "SM_Pro.list"
arm-none-eabi-objcopy  -O binary  SM_Pro.elf  "SM_Pro.bin"
   text	   data	    bss	    dec	    hex	filename
  38544	    484	   2948	  41976	   a3f8	SM_Pro.elf
Finished building: default.size.stdout
 
Finished building: SM_Pro.bin
 
Finished building: SM_Pro.list
 
12:51:38 **** Incremental Build of configuration Debug for project SM_Pro ****
make -j12 all 
arm-none-eabi-gcc "../Core/Src/main.c" -mcpu=cortex-m7 -std=gnu11 -g3 -DDEBUG -DUSE_HAL_DRIVER -DSTM32F746xx -c -I../Core/Inc -I../Drivers/STM32F7xx_HAL_Driver/Inc -I../Drivers/STM32F7xx_HAL_Driver/Inc/Legacy -I../Drivers/CMSIS/Device/ST/STM32F7xx/Include -I../Drivers/CMSIS/Include -O0 -ffunction-sections -fdata-sections -Wall -fstack-usage -MMD -MP -MF"Core/Src/main.d" -MT"Core/Src/main.o" --specs=nano.specs -mfpu=fpv5-sp-d16 -mfloat-abi=hard -mthumb -o "Core/Src/main.o"
../Core/Src/main.c: In function 'main':
../Core/Src/main.c:112:3: warning: implicit declaration of function 'BMP280_Init' [-Wimplicit-function-declaration]
  112 |   BMP280_Init(&hi2c1, 1, 3, 1);
      |   ^~~~~~~~~~~
../Core/Src/main.c:120:4: warning: implicit declaration of function 'BMP280_ReadTemperatureAndPressure' [-Wimplicit-function-declaration]
  120 |    BMP280_ReadTemperatureAndPressure(&temperature, &pressure);
      |    ^~~~~~~~~~~~~~~~~~~~~~~~~~~~~~~~~
../Core/Src/main.c:121:4: warning: implicit declaration of function 'sprintf' [-Wimplicit-function-declaration]
  121 |    sprintf(data,"%f\0",temperature);
      |    ^~~~~~~
../Core/Src/main.c:121:4: warning: incompatible implicit declaration of built-in function 'sprintf'
../Core/Src/main.c:22:1: note: include '<stdio.h>' or provide a declaration of 'sprintf'
   21 | #include "main.h"
  +++ |+#include <stdio.h>
   22 | 
../Core/Src/main.c:121:20: warning: embedded '\0' in format [-Wformat-contains-nul]
  121 |    sprintf(data,"%f\0",temperature);
      |                    ^~
arm-none-eabi-gcc -o "SM_Pro.elf" @"objects.list"   -mcpu=cortex-m7 -T"E:\Code\STM\STM_PROJECT\Nucleo\SM_Pro\STM32F746ZGTX_FLASH.ld" --specs=nosys.specs -Wl,-Map="SM_Pro.map" -Wl,--gc-sections -static -u _printf_float --specs=nano.specs -mfpu=fpv5-sp-d16 -mfloat-abi=hard -mthumb -Wl,--start-group -lc -lm -Wl,--end-group
Finished building target: SM_Pro.elf
 
arm-none-eabi-size   SM_Pro.elf 
arm-none-eabi-objdump -h -S  SM_Pro.elf  > "SM_Pro.list"
arm-none-eabi-objcopy  -O binary  SM_Pro.elf  "SM_Pro.bin"
   text	   data	    bss	    dec	    hex	filename
  38544	    484	   2948	  41976	   a3f8	SM_Pro.elf
Finished building: default.size.stdout
 
Finished building: SM_Pro.bin
 
Finished building: SM_Pro.list
 
12:54:23 **** Incremental Build of configuration Debug for project SM_Pro ****
make -j12 all 
arm-none-eabi-gcc "../Core/Src/main.c" -mcpu=cortex-m7 -std=gnu11 -g3 -DDEBUG -DUSE_HAL_DRIVER -DSTM32F746xx -c -I../Core/Inc -I../Drivers/STM32F7xx_HAL_Driver/Inc -I../Drivers/STM32F7xx_HAL_Driver/Inc/Legacy -I../Drivers/CMSIS/Device/ST/STM32F7xx/Include -I../Drivers/CMSIS/Include -O0 -ffunction-sections -fdata-sections -Wall -fstack-usage -MMD -MP -MF"Core/Src/main.d" -MT"Core/Src/main.o" --specs=nano.specs -mfpu=fpv5-sp-d16 -mfloat-abi=hard -mthumb -o "Core/Src/main.o"
../Core/Src/main.c: In function 'main':
../Core/Src/main.c:112:3: warning: implicit declaration of function 'BMP280_Init' [-Wimplicit-function-declaration]
  112 |   BMP280_Init(&hi2c1, 1, 3, 1);
      |   ^~~~~~~~~~~
../Core/Src/main.c:120:4: warning: implicit declaration of function 'BMP280_ReadTemperatureAndPressure' [-Wimplicit-function-declaration]
  120 |    BMP280_ReadTemperatureAndPressure(&temperature, &pressure);
      |    ^~~~~~~~~~~~~~~~~~~~~~~~~~~~~~~~~
../Core/Src/main.c:121:4: warning: implicit declaration of function 'sprintf' [-Wimplicit-function-declaration]
  121 |    sprintf(data,"%f\n",temperature);
      |    ^~~~~~~
../Core/Src/main.c:121:4: warning: incompatible implicit declaration of built-in function 'sprintf'
../Core/Src/main.c:22:1: note: include '<stdio.h>' or provide a declaration of 'sprintf'
   21 | #include "main.h"
  +++ |+#include <stdio.h>
   22 | 
arm-none-eabi-gcc -o "SM_Pro.elf" @"objects.list"   -mcpu=cortex-m7 -T"E:\Code\STM\STM_PROJECT\Nucleo\SM_Pro\STM32F746ZGTX_FLASH.ld" --specs=nosys.specs -Wl,-Map="SM_Pro.map" -Wl,--gc-sections -static -u _printf_float --specs=nano.specs -mfpu=fpv5-sp-d16 -mfloat-abi=hard -mthumb -Wl,--start-group -lc -lm -Wl,--end-group
Finished building target: SM_Pro.elf
 
arm-none-eabi-size   SM_Pro.elf 
arm-none-eabi-objdump -h -S  SM_Pro.elf  > "SM_Pro.list"
arm-none-eabi-objcopy  -O binary  SM_Pro.elf  "SM_Pro.bin"
   text	   data	    bss	    dec	    hex	filename
  38544	    484	   2948	  41976	   a3f8	SM_Pro.elf
Finished building: default.size.stdout
 
Finished building: SM_Pro.bin
 
Finished building: SM_Pro.list
 
13:02:11 **** Incremental Build of configuration Debug for project SM_Pro ****
make -j12 all 
arm-none-eabi-gcc "../Core/Src/main.c" -mcpu=cortex-m7 -std=gnu11 -g3 -DDEBUG -DUSE_HAL_DRIVER -DSTM32F746xx -c -I../Core/Inc -I../Drivers/STM32F7xx_HAL_Driver/Inc -I../Drivers/STM32F7xx_HAL_Driver/Inc/Legacy -I../Drivers/CMSIS/Device/ST/STM32F7xx/Include -I../Drivers/CMSIS/Include -O0 -ffunction-sections -fdata-sections -Wall -fstack-usage -MMD -MP -MF"Core/Src/main.d" -MT"Core/Src/main.o" --specs=nano.specs -mfpu=fpv5-sp-d16 -mfloat-abi=hard -mthumb -o "Core/Src/main.o"
../Core/Src/main.c: In function 'main':
../Core/Src/main.c:112:3: warning: implicit declaration of function 'BMP280_Init' [-Wimplicit-function-declaration]
  112 |   BMP280_Init(&hi2c1, 1, 3, 1);
      |   ^~~~~~~~~~~
../Core/Src/main.c:120:4: warning: implicit declaration of function 'BMP280_ReadTemperatureAndPressure' [-Wimplicit-function-declaration]
  120 |    BMP280_ReadTemperatureAndPressure(&temperature, &pressure);
      |    ^~~~~~~~~~~~~~~~~~~~~~~~~~~~~~~~~
../Core/Src/main.c:121:4: warning: implicit declaration of function 'sprintf' [-Wimplicit-function-declaration]
  121 |    sprintf(data,"%f\n",temperature);
      |    ^~~~~~~
../Core/Src/main.c:121:4: warning: incompatible implicit declaration of built-in function 'sprintf'
../Core/Src/main.c:22:1: note: include '<stdio.h>' or provide a declaration of 'sprintf'
   21 | #include "main.h"
  +++ |+#include <stdio.h>
   22 | 
../Core/Src/main.c:121:12: error: 'data' undeclared (first use in this function)
  121 |    sprintf(data,"%f\n",temperature);
      |            ^~~~
../Core/Src/main.c:121:12: note: each undeclared identifier is reported only once for each function it appears in
../Core/Src/main.c:125:47: error: 'characters_wiritten' undeclared (first use in this function); did you mean 'characters_written'?
  125 |    HAL_UART_Transmit(&huart3, (uint8_t*)data, characters_wiritten, 1000);
      |                                               ^~~~~~~~~~~~~~~~~~~
      |                                               characters_written
../Core/Src/main.c:123:8: warning: variable 'characters_written' set but not used [-Wunused-but-set-variable]
  123 |    int characters_written = sprintf(data, "%f\n", temperature);
      |        ^~~~~~~~~~~~~~~~~~
make: *** [Core/Src/subdir.mk:37: Core/Src/main.o] Error 1
"make -j12 all" terminated with exit code 2. Build might be incomplete.
13:02:30 **** Incremental Build of configuration Debug for project SM_Pro ****
make -j12 all 
arm-none-eabi-gcc "../Core/Src/main.c" -mcpu=cortex-m7 -std=gnu11 -g3 -DDEBUG -DUSE_HAL_DRIVER -DSTM32F746xx -c -I../Core/Inc -I../Drivers/STM32F7xx_HAL_Driver/Inc -I../Drivers/STM32F7xx_HAL_Driver/Inc/Legacy -I../Drivers/CMSIS/Device/ST/STM32F7xx/Include -I../Drivers/CMSIS/Include -O0 -ffunction-sections -fdata-sections -Wall -fstack-usage -MMD -MP -MF"Core/Src/main.d" -MT"Core/Src/main.o" --specs=nano.specs -mfpu=fpv5-sp-d16 -mfloat-abi=hard -mthumb -o "Core/Src/main.o"
../Core/Src/main.c: In function 'main':
../Core/Src/main.c:112:3: warning: implicit declaration of function 'BMP280_Init' [-Wimplicit-function-declaration]
  112 |   BMP280_Init(&hi2c1, 1, 3, 1);
      |   ^~~~~~~~~~~
../Core/Src/main.c:120:4: warning: implicit declaration of function 'BMP280_ReadTemperatureAndPressure' [-Wimplicit-function-declaration]
  120 |    BMP280_ReadTemperatureAndPressure(&temperature, &pressure);
      |    ^~~~~~~~~~~~~~~~~~~~~~~~~~~~~~~~~
../Core/Src/main.c:123:29: warning: implicit declaration of function 'sprintf' [-Wimplicit-function-declaration]
  123 |    int characters_written = sprintf(data, "%f\n", temperature);
      |                             ^~~~~~~
../Core/Src/main.c:123:29: warning: incompatible implicit declaration of built-in function 'sprintf'
../Core/Src/main.c:22:1: note: include '<stdio.h>' or provide a declaration of 'sprintf'
   21 | #include "main.h"
  +++ |+#include <stdio.h>
   22 | 
../Core/Src/main.c:125:47: error: 'characters_wiritten' undeclared (first use in this function); did you mean 'characters_written'?
  125 |    HAL_UART_Transmit(&huart3, (uint8_t*)data, characters_wiritten, 1000);
      |                                               ^~~~~~~~~~~~~~~~~~~
      |                                               characters_written
../Core/Src/main.c:125:47: note: each undeclared identifier is reported only once for each function it appears in
../Core/Src/main.c:123:8: warning: variable 'characters_written' set but not used [-Wunused-but-set-variable]
  123 |    int characters_written = sprintf(data, "%f\n", temperature);
      |        ^~~~~~~~~~~~~~~~~~
make: *** [Core/Src/subdir.mk:37: Core/Src/main.o] Error 1
"make -j12 all" terminated with exit code 2. Build might be incomplete.
13:02:41 **** Incremental Build of configuration Debug for project SM_Pro ****
make -j12 all 
arm-none-eabi-gcc "../Core/Src/main.c" -mcpu=cortex-m7 -std=gnu11 -g3 -DDEBUG -DUSE_HAL_DRIVER -DSTM32F746xx -c -I../Core/Inc -I../Drivers/STM32F7xx_HAL_Driver/Inc -I../Drivers/STM32F7xx_HAL_Driver/Inc/Legacy -I../Drivers/CMSIS/Device/ST/STM32F7xx/Include -I../Drivers/CMSIS/Include -O0 -ffunction-sections -fdata-sections -Wall -fstack-usage -MMD -MP -MF"Core/Src/main.d" -MT"Core/Src/main.o" --specs=nano.specs -mfpu=fpv5-sp-d16 -mfloat-abi=hard -mthumb -o "Core/Src/main.o"
../Core/Src/main.c: In function 'main':
../Core/Src/main.c:112:3: warning: implicit declaration of function 'BMP280_Init' [-Wimplicit-function-declaration]
  112 |   BMP280_Init(&hi2c1, 1, 3, 1);
      |   ^~~~~~~~~~~
../Core/Src/main.c:120:4: warning: implicit declaration of function 'BMP280_ReadTemperatureAndPressure' [-Wimplicit-function-declaration]
  120 |    BMP280_ReadTemperatureAndPressure(&temperature, &pressure);
      |    ^~~~~~~~~~~~~~~~~~~~~~~~~~~~~~~~~
../Core/Src/main.c:123:29: warning: implicit declaration of function 'sprintf' [-Wimplicit-function-declaration]
  123 |    int characters_written = sprintf(data, "%f\n", temperature);
      |                             ^~~~~~~
../Core/Src/main.c:123:29: warning: incompatible implicit declaration of built-in function 'sprintf'
../Core/Src/main.c:22:1: note: include '<stdio.h>' or provide a declaration of 'sprintf'
   21 | #include "main.h"
  +++ |+#include <stdio.h>
   22 | 
../Core/Src/main.c:124:47: error: 'characters_wiritten' undeclared (first use in this function); did you mean 'characters_written'?
  124 |    HAL_UART_Transmit(&huart3, (uint8_t*)data, characters_wiritten, 1000);
      |                                               ^~~~~~~~~~~~~~~~~~~
      |                                               characters_written
../Core/Src/main.c:124:47: note: each undeclared identifier is reported only once for each function it appears in
../Core/Src/main.c:123:8: warning: unused variable 'characters_written' [-Wunused-variable]
  123 |    int characters_written = sprintf(data, "%f\n", temperature);
      |        ^~~~~~~~~~~~~~~~~~
make: *** [Core/Src/subdir.mk:37: Core/Src/main.o] Error 1
"make -j12 all" terminated with exit code 2. Build might be incomplete.
13:03:30 **** Incremental Build of configuration Debug for project SM_Pro ****
make -j12 all 
arm-none-eabi-gcc "../Core/Src/main.c" -mcpu=cortex-m7 -std=gnu11 -g3 -DDEBUG -DUSE_HAL_DRIVER -DSTM32F746xx -c -I../Core/Inc -I../Drivers/STM32F7xx_HAL_Driver/Inc -I../Drivers/STM32F7xx_HAL_Driver/Inc/Legacy -I../Drivers/CMSIS/Device/ST/STM32F7xx/Include -I../Drivers/CMSIS/Include -O0 -ffunction-sections -fdata-sections -Wall -fstack-usage -MMD -MP -MF"Core/Src/main.d" -MT"Core/Src/main.o" --specs=nano.specs -mfpu=fpv5-sp-d16 -mfloat-abi=hard -mthumb -o "Core/Src/main.o"
../Core/Src/main.c: In function 'main':
../Core/Src/main.c:112:3: warning: implicit declaration of function 'BMP280_Init' [-Wimplicit-function-declaration]
  112 |   BMP280_Init(&hi2c1, 1, 3, 1);
      |   ^~~~~~~~~~~
../Core/Src/main.c:120:4: warning: implicit declaration of function 'BMP280_ReadTemperatureAndPressure' [-Wimplicit-function-declaration]
  120 |    BMP280_ReadTemperatureAndPressure(&temperature, &pressure);
      |    ^~~~~~~~~~~~~~~~~~~~~~~~~~~~~~~~~
../Core/Src/main.c:123:29: warning: implicit declaration of function 'sprintf' [-Wimplicit-function-declaration]
  123 |    int characters_written = sprintf(data, "%f\n", temperature);
      |                             ^~~~~~~
../Core/Src/main.c:123:29: warning: incompatible implicit declaration of built-in function 'sprintf'
../Core/Src/main.c:22:1: note: include '<stdio.h>' or provide a declaration of 'sprintf'
   21 | #include "main.h"
  +++ |+#include <stdio.h>
   22 | 
arm-none-eabi-gcc -o "SM_Pro.elf" @"objects.list"   -mcpu=cortex-m7 -T"E:\Code\STM\STM_PROJECT\Nucleo\SM_Pro\STM32F746ZGTX_FLASH.ld" --specs=nosys.specs -Wl,-Map="SM_Pro.map" -Wl,--gc-sections -static -u _printf_float --specs=nano.specs -mfpu=fpv5-sp-d16 -mfloat-abi=hard -mthumb -Wl,--start-group -lc -lm -Wl,--end-group
Finished building target: SM_Pro.elf
 
arm-none-eabi-size   SM_Pro.elf 
arm-none-eabi-objdump -h -S  SM_Pro.elf  > "SM_Pro.list"
arm-none-eabi-objcopy  -O binary  SM_Pro.elf  "SM_Pro.bin"
   text	   data	    bss	    dec	    hex	filename
  38512	    484	   2948	  41944	   a3d8	SM_Pro.elf
Finished building: default.size.stdout
 
Finished building: SM_Pro.bin
 
Finished building: SM_Pro.list
 
13:09:43 **** Incremental Build of configuration Debug for project SM_Pro ****
make -j12 all 
arm-none-eabi-gcc "../Core/Src/main.c" -mcpu=cortex-m7 -std=gnu11 -g3 -DDEBUG -DUSE_HAL_DRIVER -DSTM32F746xx -c -I../Core/Inc -I../Drivers/STM32F7xx_HAL_Driver/Inc -I../Drivers/STM32F7xx_HAL_Driver/Inc/Legacy -I../Drivers/CMSIS/Device/ST/STM32F7xx/Include -I../Drivers/CMSIS/Include -O0 -ffunction-sections -fdata-sections -Wall -fstack-usage -MMD -MP -MF"Core/Src/main.d" -MT"Core/Src/main.o" --specs=nano.specs -mfpu=fpv5-sp-d16 -mfloat-abi=hard -mthumb -o "Core/Src/main.o"
../Core/Src/main.c: In function 'main':
../Core/Src/main.c:113:3: warning: implicit declaration of function 'BMP280_Init' [-Wimplicit-function-declaration]
  113 |   BMP280_Init(&hi2c1, 1, 3, 1);
      |   ^~~~~~~~~~~
../Core/Src/main.c:121:4: warning: implicit declaration of function 'BMP280_ReadTemperatureAndPressure' [-Wimplicit-function-declaration]
  121 |    BMP280_ReadTemperatureAndPressure(&temperature, &pressure);
      |    ^~~~~~~~~~~~~~~~~~~~~~~~~~~~~~~~~
../Core/Src/main.c:125:29: warning: implicit declaration of function 'sprintf' [-Wimplicit-function-declaration]
  125 |    int characters_written = sprintf(data, "%f\n", temperature);
      |                             ^~~~~~~
../Core/Src/main.c:125:29: warning: incompatible implicit declaration of built-in function 'sprintf'
../Core/Src/main.c:22:1: note: include '<stdio.h>' or provide a declaration of 'sprintf'
   21 | #include "main.h"
  +++ |+#include <stdio.h>
   22 | 
../Core/Src/main.c:128:56: warning: passing argument 2 of 'HAL_UART_Receive' makes pointer from integer without a cast [-Wint-conversion]
  128 |    HAL_StatusTypeDef status= HAL_UART_Receive(&huart3, VAR, 1 , 1);
      |                                                        ^~~
      |                                                        |
      |                                                        int
In file included from ../Core/Inc/stm32f7xx_hal_conf.h:410,
                 from ../Drivers/STM32F7xx_HAL_Driver/Inc/stm32f7xx_hal.h:29,
                 from ../Core/Inc/main.h:31,
                 from ../Core/Src/main.c:21:
../Drivers/STM32F7xx_HAL_Driver/Inc/stm32f7xx_hal_uart.h:1531:72: note: expected 'uint8_t *' {aka 'unsigned char *'} but argument is of type 'int'
 1531 | HAL_StatusTypeDef HAL_UART_Receive(UART_HandleTypeDef *huart, uint8_t *pData, uint16_t Size, uint32_t Timeout);
      |                                                               ~~~~~~~~~^~~~~
../Core/Src/main.c:128:22: warning: unused variable 'status' [-Wunused-variable]
  128 |    HAL_StatusTypeDef status= HAL_UART_Receive(&huart3, VAR, 1 , 1);
      |                      ^~~~~~
arm-none-eabi-gcc -o "SM_Pro.elf" @"objects.list"   -mcpu=cortex-m7 -T"E:\Code\STM\STM_PROJECT\Nucleo\SM_Pro\STM32F746ZGTX_FLASH.ld" --specs=nosys.specs -Wl,-Map="SM_Pro.map" -Wl,--gc-sections -static -u _printf_float --specs=nano.specs -mfpu=fpv5-sp-d16 -mfloat-abi=hard -mthumb -Wl,--start-group -lc -lm -Wl,--end-group
Finished building target: SM_Pro.elf
 
arm-none-eabi-size   SM_Pro.elf 
arm-none-eabi-objdump -h -S  SM_Pro.elf  > "SM_Pro.list"
arm-none-eabi-objcopy  -O binary  SM_Pro.elf  "SM_Pro.bin"
   text	   data	    bss	    dec	    hex	filename
  38968	    484	   2948	  42400	   a5a0	SM_Pro.elf
Finished building: default.size.stdout
 
Finished building: SM_Pro.bin
 
Finished building: SM_Pro.list
 
13:10:55 **** Incremental Build of configuration Debug for project SM_Pro ****
make -j12 all 
arm-none-eabi-gcc "../Core/Src/main.c" -mcpu=cortex-m7 -std=gnu11 -g3 -DDEBUG -DUSE_HAL_DRIVER -DSTM32F746xx -c -I../Core/Inc -I../Drivers/STM32F7xx_HAL_Driver/Inc -I../Drivers/STM32F7xx_HAL_Driver/Inc/Legacy -I../Drivers/CMSIS/Device/ST/STM32F7xx/Include -I../Drivers/CMSIS/Include -O0 -ffunction-sections -fdata-sections -Wall -fstack-usage -MMD -MP -MF"Core/Src/main.d" -MT"Core/Src/main.o" --specs=nano.specs -mfpu=fpv5-sp-d16 -mfloat-abi=hard -mthumb -o "Core/Src/main.o"
../Core/Src/main.c: In function 'main':
../Core/Src/main.c:111:19: error: invalid initializer
  111 |   uint8_t VAR[] = 20;
      |                   ^~
../Core/Src/main.c:113:3: warning: implicit declaration of function 'BMP280_Init' [-Wimplicit-function-declaration]
  113 |   BMP280_Init(&hi2c1, 1, 3, 1);
      |   ^~~~~~~~~~~
../Core/Src/main.c:121:4: warning: implicit declaration of function 'BMP280_ReadTemperatureAndPressure' [-Wimplicit-function-declaration]
  121 |    BMP280_ReadTemperatureAndPressure(&temperature, &pressure);
      |    ^~~~~~~~~~~~~~~~~~~~~~~~~~~~~~~~~
../Core/Src/main.c:123:18: error: incompatible types when assigning to type 'float' from type 'uint8_t *' {aka 'unsigned char *'}
  123 |    temperature = VAR;
      |                  ^~~
../Core/Src/main.c:123:4: warning: statement with no effect [-Wunused-value]
  123 |    temperature = VAR;
      |    ^~~~~~~~~~~
../Core/Src/main.c:125:29: warning: implicit declaration of function 'sprintf' [-Wimplicit-function-declaration]
  125 |    int characters_written = sprintf(data, "%f\n", temperature);
      |                             ^~~~~~~
../Core/Src/main.c:125:29: warning: incompatible implicit declaration of built-in function 'sprintf'
../Core/Src/main.c:22:1: note: include '<stdio.h>' or provide a declaration of 'sprintf'
   21 | #include "main.h"
  +++ |+#include <stdio.h>
   22 | 
../Core/Src/main.c:128:22: warning: unused variable 'status' [-Wunused-variable]
  128 |    HAL_StatusTypeDef status= HAL_UART_Receive(&huart3, VAR, 1 , 1);
      |                      ^~~~~~
make: *** [Core/Src/subdir.mk:37: Core/Src/main.o] Error 1
"make -j12 all" terminated with exit code 2. Build might be incomplete.
13:18:35 **** Incremental Build of configuration Debug for project SM_Pro ****
make -j12 all 
arm-none-eabi-gcc "../Core/Src/main.c" -mcpu=cortex-m7 -std=gnu11 -g3 -DDEBUG -DUSE_HAL_DRIVER -DSTM32F746xx -c -I../Core/Inc -I../Drivers/STM32F7xx_HAL_Driver/Inc -I../Drivers/STM32F7xx_HAL_Driver/Inc/Legacy -I../Drivers/CMSIS/Device/ST/STM32F7xx/Include -I../Drivers/CMSIS/Include -O0 -ffunction-sections -fdata-sections -Wall -fstack-usage -MMD -MP -MF"Core/Src/main.d" -MT"Core/Src/main.o" --specs=nano.specs -mfpu=fpv5-sp-d16 -mfloat-abi=hard -mthumb -o "Core/Src/main.o"
../Core/Src/main.c: In function 'main':
../Core/Src/main.c:113:3: warning: implicit declaration of function 'BMP280_Init' [-Wimplicit-function-declaration]
  113 |   BMP280_Init(&hi2c1, 1, 3, 1);
      |   ^~~~~~~~~~~
../Core/Src/main.c:121:4: warning: implicit declaration of function 'BMP280_ReadTemperatureAndPressure' [-Wimplicit-function-declaration]
  121 |    BMP280_ReadTemperatureAndPressure(&temperature, &pressure);
      |    ^~~~~~~~~~~~~~~~~~~~~~~~~~~~~~~~~
../Core/Src/main.c:124:29: warning: implicit declaration of function 'sprintf' [-Wimplicit-function-declaration]
  124 |    int characters_written = sprintf(data, "%f\n", temperature);
      |                             ^~~~~~~
../Core/Src/main.c:124:29: warning: incompatible implicit declaration of built-in function 'sprintf'
../Core/Src/main.c:22:1: note: include '<stdio.h>' or provide a declaration of 'sprintf'
   21 | #include "main.h"
  +++ |+#include <stdio.h>
   22 | 
../Core/Src/main.c:111:11: warning: unused variable 'VAR' [-Wunused-variable]
  111 |   uint8_t VAR = 20;
      |           ^~~
arm-none-eabi-gcc -o "SM_Pro.elf" @"objects.list"   -mcpu=cortex-m7 -T"E:\Code\STM\STM_PROJECT\Nucleo\SM_Pro\STM32F746ZGTX_FLASH.ld" --specs=nosys.specs -Wl,-Map="SM_Pro.map" -Wl,--gc-sections -static -u _printf_float --specs=nano.specs -mfpu=fpv5-sp-d16 -mfloat-abi=hard -mthumb -Wl,--start-group -lc -lm -Wl,--end-group
Finished building target: SM_Pro.elf
 
arm-none-eabi-size   SM_Pro.elf 
arm-none-eabi-objdump -h -S  SM_Pro.elf  > "SM_Pro.list"
arm-none-eabi-objcopy  -O binary  SM_Pro.elf  "SM_Pro.bin"
   text	   data	    bss	    dec	    hex	filename
  38520	    484	   2948	  41952	   a3e0	SM_Pro.elf
Finished building: default.size.stdout
 
Finished building: SM_Pro.bin
 
Finished building: SM_Pro.list
 
13:19:25 **** Incremental Build of configuration Debug for project SM_Pro ****
make -j12 all 
arm-none-eabi-gcc "../Core/Src/main.c" -mcpu=cortex-m7 -std=gnu11 -g3 -DDEBUG -DUSE_HAL_DRIVER -DSTM32F746xx -c -I../Core/Inc -I../Drivers/STM32F7xx_HAL_Driver/Inc -I../Drivers/STM32F7xx_HAL_Driver/Inc/Legacy -I../Drivers/CMSIS/Device/ST/STM32F7xx/Include -I../Drivers/CMSIS/Include -O0 -ffunction-sections -fdata-sections -Wall -fstack-usage -MMD -MP -MF"Core/Src/main.d" -MT"Core/Src/main.o" --specs=nano.specs -mfpu=fpv5-sp-d16 -mfloat-abi=hard -mthumb -o "Core/Src/main.o"
../Core/Src/main.c: In function 'main':
../Core/Src/main.c:113:3: warning: implicit declaration of function 'BMP280_Init' [-Wimplicit-function-declaration]
  113 |   BMP280_Init(&hi2c1, 1, 3, 1);
      |   ^~~~~~~~~~~
../Core/Src/main.c:121:4: warning: implicit declaration of function 'BMP280_ReadTemperatureAndPressure' [-Wimplicit-function-declaration]
  121 |    BMP280_ReadTemperatureAndPressure(&temperature, &pressure);
      |    ^~~~~~~~~~~~~~~~~~~~~~~~~~~~~~~~~
../Core/Src/main.c:124:29: warning: implicit declaration of function 'sprintf' [-Wimplicit-function-declaration]
  124 |    int characters_written = sprintf(data, "%f\n", temperature);
      |                             ^~~~~~~
../Core/Src/main.c:124:29: warning: incompatible implicit declaration of built-in function 'sprintf'
../Core/Src/main.c:22:1: note: include '<stdio.h>' or provide a declaration of 'sprintf'
   21 | #include "main.h"
  +++ |+#include <stdio.h>
   22 | 
../Core/Src/main.c:111:11: warning: unused variable 'VAR' [-Wunused-variable]
  111 |   uint8_t VAR = 20;
      |           ^~~
arm-none-eabi-gcc -o "SM_Pro.elf" @"objects.list"   -mcpu=cortex-m7 -T"E:\Code\STM\STM_PROJECT\Nucleo\SM_Pro\STM32F746ZGTX_FLASH.ld" --specs=nosys.specs -Wl,-Map="SM_Pro.map" -Wl,--gc-sections -static -u _printf_float --specs=nano.specs -mfpu=fpv5-sp-d16 -mfloat-abi=hard -mthumb -Wl,--start-group -lc -lm -Wl,--end-group
Finished building target: SM_Pro.elf
 
arm-none-eabi-size   SM_Pro.elf 
arm-none-eabi-objdump -h -S  SM_Pro.elf  > "SM_Pro.list"
arm-none-eabi-objcopy  -O binary  SM_Pro.elf  "SM_Pro.bin"
   text	   data	    bss	    dec	    hex	filename
  38520	    484	   2948	  41952	   a3e0	SM_Pro.elf
Finished building: default.size.stdout
 
Finished building: SM_Pro.bin
 
Finished building: SM_Pro.list
 
