23:24:56 **** Incremental Build of configuration Debug for project SM_Pro ****
make -j12 all 
arm-none-eabi-gcc "../Core/Src/PID.c" -mcpu=cortex-m7 -std=gnu11 -g3 -DDEBUG -DUSE_HAL_DRIVER -DSTM32F746xx -c -I../Core/Inc -I../Drivers/STM32F7xx_HAL_Driver/Inc -I../Drivers/STM32F7xx_HAL_Driver/Inc/Legacy -I../Drivers/CMSIS/Device/ST/STM32F7xx/Include -I../Drivers/CMSIS/Include -O0 -ffunction-sections -fdata-sections -Wall -fstack-usage -MMD -MP -MF"Core/Src/PID.d" -MT"Core/Src/PID.o" --specs=nano.specs -mfpu=fpv5-sp-d16 -mfloat-abi=hard -mthumb -o "Core/Src/PID.o"
../Core/Src/PID.c: In function 'PID_PWM':
../Core/Src/PID.c:62:8: warning: unused variable 'error_corection' [-Wunused-variable]
   62 |  float error_corection = 3.1093e-04*pow(target,2)+1.0825*target-2.4524;
      |        ^~~~~~~~~~~~~~~
arm-none-eabi-gcc -o "SM_Pro.elf" @"objects.list"   -mcpu=cortex-m7 -T"E:\Code\STM\STM_PROJECT\Nucleo\SM_Pro\STM32F746ZGTX_FLASH.ld" --specs=nosys.specs -Wl,-Map="SM_Pro.map" -Wl,--gc-sections -static -u _printf_float --specs=nano.specs -mfpu=fpv5-sp-d16 -mfloat-abi=hard -mthumb -Wl,--start-group -lc -lm -Wl,--end-group
Finished building target: SM_Pro.elf
 
arm-none-eabi-size   SM_Pro.elf 
arm-none-eabi-objdump -h -S  SM_Pro.elf  > "SM_Pro.list"
arm-none-eabi-objcopy  -O binary  SM_Pro.elf  "SM_Pro.bin"
   text	   data	    bss	    dec	    hex	filename
  49380	    492	   3084	  52956	   cedc	SM_Pro.elf
Finished building: default.size.stdout
 
Finished building: SM_Pro.bin
 
Finished building: SM_Pro.list
 
23:25:21 **** Incremental Build of configuration Debug for project SM_Pro ****
make -j12 all 
arm-none-eabi-gcc "../Core/Src/PID.c" -mcpu=cortex-m7 -std=gnu11 -g3 -DDEBUG -DUSE_HAL_DRIVER -DSTM32F746xx -c -I../Core/Inc -I../Drivers/STM32F7xx_HAL_Driver/Inc -I../Drivers/STM32F7xx_HAL_Driver/Inc/Legacy -I../Drivers/CMSIS/Device/ST/STM32F7xx/Include -I../Drivers/CMSIS/Include -O0 -ffunction-sections -fdata-sections -Wall -fstack-usage -MMD -MP -MF"Core/Src/PID.d" -MT"Core/Src/PID.o" --specs=nano.specs -mfpu=fpv5-sp-d16 -mfloat-abi=hard -mthumb -o "Core/Src/PID.o"
arm-none-eabi-gcc -o "SM_Pro.elf" @"objects.list"   -mcpu=cortex-m7 -T"E:\Code\STM\STM_PROJECT\Nucleo\SM_Pro\STM32F746ZGTX_FLASH.ld" --specs=nosys.specs -Wl,-Map="SM_Pro.map" -Wl,--gc-sections -static -u _printf_float --specs=nano.specs -mfpu=fpv5-sp-d16 -mfloat-abi=hard -mthumb -Wl,--start-group -lc -lm -Wl,--end-group
Finished building target: SM_Pro.elf
 
arm-none-eabi-size   SM_Pro.elf 
arm-none-eabi-objdump -h -S  SM_Pro.elf  > "SM_Pro.list"
arm-none-eabi-objcopy  -O binary  SM_Pro.elf  "SM_Pro.bin"
   text	   data	    bss	    dec	    hex	filename
  49396	    492	   3084	  52972	   ceec	SM_Pro.elf
Finished building: default.size.stdout
 
Finished building: SM_Pro.bin
 
Finished building: SM_Pro.list
 
23:26:28 **** Incremental Build of configuration Debug for project SM_Pro ****
make -j12 all 
arm-none-eabi-gcc "../Core/Src/PID.c" -mcpu=cortex-m7 -std=gnu11 -g3 -DDEBUG -DUSE_HAL_DRIVER -DSTM32F746xx -c -I../Core/Inc -I../Drivers/STM32F7xx_HAL_Driver/Inc -I../Drivers/STM32F7xx_HAL_Driver/Inc/Legacy -I../Drivers/CMSIS/Device/ST/STM32F7xx/Include -I../Drivers/CMSIS/Include -O0 -ffunction-sections -fdata-sections -Wall -fstack-usage -MMD -MP -MF"Core/Src/PID.d" -MT"Core/Src/PID.o" --specs=nano.specs -mfpu=fpv5-sp-d16 -mfloat-abi=hard -mthumb -o "Core/Src/PID.o"
arm-none-eabi-gcc -o "SM_Pro.elf" @"objects.list"   -mcpu=cortex-m7 -T"E:\Code\STM\STM_PROJECT\Nucleo\SM_Pro\STM32F746ZGTX_FLASH.ld" --specs=nosys.specs -Wl,-Map="SM_Pro.map" -Wl,--gc-sections -static -u _printf_float --specs=nano.specs -mfpu=fpv5-sp-d16 -mfloat-abi=hard -mthumb -Wl,--start-group -lc -lm -Wl,--end-group
Finished building target: SM_Pro.elf
 
arm-none-eabi-size   SM_Pro.elf 
arm-none-eabi-objdump -h -S  SM_Pro.elf  > "SM_Pro.list"
arm-none-eabi-objcopy  -O binary  SM_Pro.elf  "SM_Pro.bin"
   text	   data	    bss	    dec	    hex	filename
  49396	    492	   3084	  52972	   ceec	SM_Pro.elf
Finished building: default.size.stdout
 
Finished building: SM_Pro.bin
 
Finished building: SM_Pro.list
 
23:29:41 **** Incremental Build of configuration Debug for project SM_Pro ****
make -j12 all 
arm-none-eabi-gcc "../Core/Src/PID.c" -mcpu=cortex-m7 -std=gnu11 -g3 -DDEBUG -DUSE_HAL_DRIVER -DSTM32F746xx -c -I../Core/Inc -I../Drivers/STM32F7xx_HAL_Driver/Inc -I../Drivers/STM32F7xx_HAL_Driver/Inc/Legacy -I../Drivers/CMSIS/Device/ST/STM32F7xx/Include -I../Drivers/CMSIS/Include -O0 -ffunction-sections -fdata-sections -Wall -fstack-usage -MMD -MP -MF"Core/Src/PID.d" -MT"Core/Src/PID.o" --specs=nano.specs -mfpu=fpv5-sp-d16 -mfloat-abi=hard -mthumb -o "Core/Src/PID.o"
arm-none-eabi-gcc -o "SM_Pro.elf" @"objects.list"   -mcpu=cortex-m7 -T"E:\Code\STM\STM_PROJECT\Nucleo\SM_Pro\STM32F746ZGTX_FLASH.ld" --specs=nosys.specs -Wl,-Map="SM_Pro.map" -Wl,--gc-sections -static -u _printf_float --specs=nano.specs -mfpu=fpv5-sp-d16 -mfloat-abi=hard -mthumb -Wl,--start-group -lc -lm -Wl,--end-group
Finished building target: SM_Pro.elf
 
arm-none-eabi-size   SM_Pro.elf 
arm-none-eabi-objdump -h -S  SM_Pro.elf  > "SM_Pro.list"
arm-none-eabi-objcopy  -O binary  SM_Pro.elf  "SM_Pro.bin"
   text	   data	    bss	    dec	    hex	filename
  49236	    492	   3084	  52812	   ce4c	SM_Pro.elf
Finished building: default.size.stdout
 
Finished building: SM_Pro.bin
 
Finished building: SM_Pro.list
 
23:31:53 **** Incremental Build of configuration Debug for project SM_Pro ****
make -j12 all 
arm-none-eabi-gcc "../Core/Src/main.c" -mcpu=cortex-m7 -std=gnu11 -g3 -DDEBUG -DUSE_HAL_DRIVER -DSTM32F746xx -c -I../Core/Inc -I../Drivers/STM32F7xx_HAL_Driver/Inc -I../Drivers/STM32F7xx_HAL_Driver/Inc/Legacy -I../Drivers/CMSIS/Device/ST/STM32F7xx/Include -I../Drivers/CMSIS/Include -O0 -ffunction-sections -fdata-sections -Wall -fstack-usage -MMD -MP -MF"Core/Src/main.d" -MT"Core/Src/main.o" --specs=nano.specs -mfpu=fpv5-sp-d16 -mfloat-abi=hard -mthumb -o "Core/Src/main.o"
arm-none-eabi-gcc -o "SM_Pro.elf" @"objects.list"   -mcpu=cortex-m7 -T"E:\Code\STM\STM_PROJECT\Nucleo\SM_Pro\STM32F746ZGTX_FLASH.ld" --specs=nosys.specs -Wl,-Map="SM_Pro.map" -Wl,--gc-sections -static -u _printf_float --specs=nano.specs -mfpu=fpv5-sp-d16 -mfloat-abi=hard -mthumb -Wl,--start-group -lc -lm -Wl,--end-group
Finished building target: SM_Pro.elf
 
arm-none-eabi-size   SM_Pro.elf 
arm-none-eabi-objdump -h -S  SM_Pro.elf  > "SM_Pro.list"
arm-none-eabi-objcopy  -O binary  SM_Pro.elf  "SM_Pro.bin"
   text	   data	    bss	    dec	    hex	filename
  49236	    492	   3084	  52812	   ce4c	SM_Pro.elf
Finished building: default.size.stdout
 
Finished building: SM_Pro.bin
 
Finished building: SM_Pro.list
 
23:33:06 **** Incremental Build of configuration Debug for project SM_Pro ****
make -j12 all 
arm-none-eabi-gcc "../Core/Src/PID.c" -mcpu=cortex-m7 -std=gnu11 -g3 -DDEBUG -DUSE_HAL_DRIVER -DSTM32F746xx -c -I../Core/Inc -I../Drivers/STM32F7xx_HAL_Driver/Inc -I../Drivers/STM32F7xx_HAL_Driver/Inc/Legacy -I../Drivers/CMSIS/Device/ST/STM32F7xx/Include -I../Drivers/CMSIS/Include -O0 -ffunction-sections -fdata-sections -Wall -fstack-usage -MMD -MP -MF"Core/Src/PID.d" -MT"Core/Src/PID.o" --specs=nano.specs -mfpu=fpv5-sp-d16 -mfloat-abi=hard -mthumb -o "Core/Src/PID.o"
arm-none-eabi-gcc -o "SM_Pro.elf" @"objects.list"   -mcpu=cortex-m7 -T"E:\Code\STM\STM_PROJECT\Nucleo\SM_Pro\STM32F746ZGTX_FLASH.ld" --specs=nosys.specs -Wl,-Map="SM_Pro.map" -Wl,--gc-sections -static -u _printf_float --specs=nano.specs -mfpu=fpv5-sp-d16 -mfloat-abi=hard -mthumb -Wl,--start-group -lc -lm -Wl,--end-group
Finished building target: SM_Pro.elf
 
arm-none-eabi-size   SM_Pro.elf 
arm-none-eabi-objdump -h -S  SM_Pro.elf  > "SM_Pro.list"
arm-none-eabi-objcopy  -O binary  SM_Pro.elf  "SM_Pro.bin"
   text	   data	    bss	    dec	    hex	filename
  49172	    492	   3084	  52748	   ce0c	SM_Pro.elf
Finished building: default.size.stdout
 
Finished building: SM_Pro.bin
 
Finished building: SM_Pro.list
 
23:36:09 **** Incremental Build of configuration Debug for project SM_Pro ****
make -j12 all 
arm-none-eabi-gcc "../Core/Src/main.c" -mcpu=cortex-m7 -std=gnu11 -g3 -DDEBUG -DUSE_HAL_DRIVER -DSTM32F746xx -c -I../Core/Inc -I../Drivers/STM32F7xx_HAL_Driver/Inc -I../Drivers/STM32F7xx_HAL_Driver/Inc/Legacy -I../Drivers/CMSIS/Device/ST/STM32F7xx/Include -I../Drivers/CMSIS/Include -O0 -ffunction-sections -fdata-sections -Wall -fstack-usage -MMD -MP -MF"Core/Src/main.d" -MT"Core/Src/main.o" --specs=nano.specs -mfpu=fpv5-sp-d16 -mfloat-abi=hard -mthumb -o "Core/Src/main.o"
arm-none-eabi-gcc -o "SM_Pro.elf" @"objects.list"   -mcpu=cortex-m7 -T"E:\Code\STM\STM_PROJECT\Nucleo\SM_Pro\STM32F746ZGTX_FLASH.ld" --specs=nosys.specs -Wl,-Map="SM_Pro.map" -Wl,--gc-sections -static -u _printf_float --specs=nano.specs -mfpu=fpv5-sp-d16 -mfloat-abi=hard -mthumb -Wl,--start-group -lc -lm -Wl,--end-group
Finished building target: SM_Pro.elf
 
arm-none-eabi-size   SM_Pro.elf 
arm-none-eabi-objdump -h -S  SM_Pro.elf  > "SM_Pro.list"
arm-none-eabi-objcopy  -O binary  SM_Pro.elf  "SM_Pro.bin"
   text	   data	    bss	    dec	    hex	filename
  49180	    492	   3084	  52756	   ce14	SM_Pro.elf
Finished building: default.size.stdout
 
Finished building: SM_Pro.bin
 
Finished building: SM_Pro.list
 
23:55:41 **** Incremental Build of configuration Debug for project SM_Pro ****
make -j12 all 
arm-none-eabi-gcc "../Core/Src/PID.c" -mcpu=cortex-m7 -std=gnu11 -g3 -DDEBUG -DUSE_HAL_DRIVER -DSTM32F746xx -c -I../Core/Inc -I../Drivers/STM32F7xx_HAL_Driver/Inc -I../Drivers/STM32F7xx_HAL_Driver/Inc/Legacy -I../Drivers/CMSIS/Device/ST/STM32F7xx/Include -I../Drivers/CMSIS/Include -O0 -ffunction-sections -fdata-sections -Wall -fstack-usage -MMD -MP -MF"Core/Src/PID.d" -MT"Core/Src/PID.o" --specs=nano.specs -mfpu=fpv5-sp-d16 -mfloat-abi=hard -mthumb -o "Core/Src/PID.o"
arm-none-eabi-gcc "../Core/Src/main.c" -mcpu=cortex-m7 -std=gnu11 -g3 -DDEBUG -DUSE_HAL_DRIVER -DSTM32F746xx -c -I../Core/Inc -I../Drivers/STM32F7xx_HAL_Driver/Inc -I../Drivers/STM32F7xx_HAL_Driver/Inc/Legacy -I../Drivers/CMSIS/Device/ST/STM32F7xx/Include -I../Drivers/CMSIS/Include -O0 -ffunction-sections -fdata-sections -Wall -fstack-usage -MMD -MP -MF"Core/Src/main.d" -MT"Core/Src/main.o" --specs=nano.specs -mfpu=fpv5-sp-d16 -mfloat-abi=hard -mthumb -o "Core/Src/main.o"
arm-none-eabi-gcc -o "SM_Pro.elf" @"objects.list"   -mcpu=cortex-m7 -T"E:\Code\STM\STM_PROJECT\Nucleo\SM_Pro\STM32F746ZGTX_FLASH.ld" --specs=nosys.specs -Wl,-Map="SM_Pro.map" -Wl,--gc-sections -static -u _printf_float --specs=nano.specs -mfpu=fpv5-sp-d16 -mfloat-abi=hard -mthumb -Wl,--start-group -lc -lm -Wl,--end-group
Finished building target: SM_Pro.elf
 
arm-none-eabi-size   SM_Pro.elf 
arm-none-eabi-objdump -h -S  SM_Pro.elf  > "SM_Pro.list"
arm-none-eabi-objcopy  -O binary  SM_Pro.elf  "SM_Pro.bin"
   text	   data	    bss	    dec	    hex	filename
  49332	    492	   3084	  52908	   ceac	SM_Pro.elf
Finished building: default.size.stdout
 
Finished building: SM_Pro.bin
 
Finished building: SM_Pro.list
 
23:57:29 **** Incremental Build of configuration Debug for project SM_Pro ****
make -j12 all 
arm-none-eabi-gcc "../Core/Src/PID.c" -mcpu=cortex-m7 -std=gnu11 -g3 -DDEBUG -DUSE_HAL_DRIVER -DSTM32F746xx -c -I../Core/Inc -I../Drivers/STM32F7xx_HAL_Driver/Inc -I../Drivers/STM32F7xx_HAL_Driver/Inc/Legacy -I../Drivers/CMSIS/Device/ST/STM32F7xx/Include -I../Drivers/CMSIS/Include -O0 -ffunction-sections -fdata-sections -Wall -fstack-usage -MMD -MP -MF"Core/Src/PID.d" -MT"Core/Src/PID.o" --specs=nano.specs -mfpu=fpv5-sp-d16 -mfloat-abi=hard -mthumb -o "Core/Src/PID.o"
arm-none-eabi-gcc -o "SM_Pro.elf" @"objects.list"   -mcpu=cortex-m7 -T"E:\Code\STM\STM_PROJECT\Nucleo\SM_Pro\STM32F746ZGTX_FLASH.ld" --specs=nosys.specs -Wl,-Map="SM_Pro.map" -Wl,--gc-sections -static -u _printf_float --specs=nano.specs -mfpu=fpv5-sp-d16 -mfloat-abi=hard -mthumb -Wl,--start-group -lc -lm -Wl,--end-group
Finished building target: SM_Pro.elf
 
arm-none-eabi-size   SM_Pro.elf 
arm-none-eabi-objdump -h -S  SM_Pro.elf  > "SM_Pro.list"
arm-none-eabi-objcopy  -O binary  SM_Pro.elf  "SM_Pro.bin"
   text	   data	    bss	    dec	    hex	filename
  49180	    492	   3084	  52756	   ce14	SM_Pro.elf
Finished building: default.size.stdout
 
Finished building: SM_Pro.bin
 
Finished building: SM_Pro.list
 
23:59:54 **** Incremental Build of configuration Debug for project SM_Pro ****
make -j12 all 
arm-none-eabi-gcc "../Core/Src/PID.c" -mcpu=cortex-m7 -std=gnu11 -g3 -DDEBUG -DUSE_HAL_DRIVER -DSTM32F746xx -c -I../Core/Inc -I../Drivers/STM32F7xx_HAL_Driver/Inc -I../Drivers/STM32F7xx_HAL_Driver/Inc/Legacy -I../Drivers/CMSIS/Device/ST/STM32F7xx/Include -I../Drivers/CMSIS/Include -O0 -ffunction-sections -fdata-sections -Wall -fstack-usage -MMD -MP -MF"Core/Src/PID.d" -MT"Core/Src/PID.o" --specs=nano.specs -mfpu=fpv5-sp-d16 -mfloat-abi=hard -mthumb -o "Core/Src/PID.o"
arm-none-eabi-gcc "../Core/Src/main.c" -mcpu=cortex-m7 -std=gnu11 -g3 -DDEBUG -DUSE_HAL_DRIVER -DSTM32F746xx -c -I../Core/Inc -I../Drivers/STM32F7xx_HAL_Driver/Inc -I../Drivers/STM32F7xx_HAL_Driver/Inc/Legacy -I../Drivers/CMSIS/Device/ST/STM32F7xx/Include -I../Drivers/CMSIS/Include -O0 -ffunction-sections -fdata-sections -Wall -fstack-usage -MMD -MP -MF"Core/Src/main.d" -MT"Core/Src/main.o" --specs=nano.specs -mfpu=fpv5-sp-d16 -mfloat-abi=hard -mthumb -o "Core/Src/main.o"
arm-none-eabi-gcc -o "SM_Pro.elf" @"objects.list"   -mcpu=cortex-m7 -T"E:\Code\STM\STM_PROJECT\Nucleo\SM_Pro\STM32F746ZGTX_FLASH.ld" --specs=nosys.specs -Wl,-Map="SM_Pro.map" -Wl,--gc-sections -static -u _printf_float --specs=nano.specs -mfpu=fpv5-sp-d16 -mfloat-abi=hard -mthumb -Wl,--start-group -lc -lm -Wl,--end-group
Finished building target: SM_Pro.elf
 
arm-none-eabi-size   SM_Pro.elf 
arm-none-eabi-objdump -h -S  SM_Pro.elf  > "SM_Pro.list"
arm-none-eabi-objcopy  -O binary  SM_Pro.elf  "SM_Pro.bin"
   text	   data	    bss	    dec	    hex	filename
  49292	    492	   3084	  52868	   ce84	SM_Pro.elf
Finished building: default.size.stdout
 
Finished building: SM_Pro.bin
 
Finished building: SM_Pro.list
 
00:00:27 **** Incremental Build of configuration Debug for project SM_Pro ****
make -j12 all 
arm-none-eabi-gcc "../Core/Src/PID.c" -mcpu=cortex-m7 -std=gnu11 -g3 -DDEBUG -DUSE_HAL_DRIVER -DSTM32F746xx -c -I../Core/Inc -I../Drivers/STM32F7xx_HAL_Driver/Inc -I../Drivers/STM32F7xx_HAL_Driver/Inc/Legacy -I../Drivers/CMSIS/Device/ST/STM32F7xx/Include -I../Drivers/CMSIS/Include -O0 -ffunction-sections -fdata-sections -Wall -fstack-usage -MMD -MP -MF"Core/Src/PID.d" -MT"Core/Src/PID.o" --specs=nano.specs -mfpu=fpv5-sp-d16 -mfloat-abi=hard -mthumb -o "Core/Src/PID.o"
arm-none-eabi-gcc -o "SM_Pro.elf" @"objects.list"   -mcpu=cortex-m7 -T"E:\Code\STM\STM_PROJECT\Nucleo\SM_Pro\STM32F746ZGTX_FLASH.ld" --specs=nosys.specs -Wl,-Map="SM_Pro.map" -Wl,--gc-sections -static -u _printf_float --specs=nano.specs -mfpu=fpv5-sp-d16 -mfloat-abi=hard -mthumb -Wl,--start-group -lc -lm -Wl,--end-group
Finished building target: SM_Pro.elf
 
arm-none-eabi-size   SM_Pro.elf 
arm-none-eabi-objdump -h -S  SM_Pro.elf  > "SM_Pro.list"
arm-none-eabi-objcopy  -O binary  SM_Pro.elf  "SM_Pro.bin"
   text	   data	    bss	    dec	    hex	filename
  49292	    492	   3084	  52868	   ce84	SM_Pro.elf
Finished building: default.size.stdout
 
Finished building: SM_Pro.bin
 
Finished building: SM_Pro.list
 
00:01:57 **** Incremental Build of configuration Debug for project SM_Pro ****
make -j12 all 
arm-none-eabi-gcc "../Core/Src/PID.c" -mcpu=cortex-m7 -std=gnu11 -g3 -DDEBUG -DUSE_HAL_DRIVER -DSTM32F746xx -c -I../Core/Inc -I../Drivers/STM32F7xx_HAL_Driver/Inc -I../Drivers/STM32F7xx_HAL_Driver/Inc/Legacy -I../Drivers/CMSIS/Device/ST/STM32F7xx/Include -I../Drivers/CMSIS/Include -O0 -ffunction-sections -fdata-sections -Wall -fstack-usage -MMD -MP -MF"Core/Src/PID.d" -MT"Core/Src/PID.o" --specs=nano.specs -mfpu=fpv5-sp-d16 -mfloat-abi=hard -mthumb -o "Core/Src/PID.o"
arm-none-eabi-gcc -o "SM_Pro.elf" @"objects.list"   -mcpu=cortex-m7 -T"E:\Code\STM\STM_PROJECT\Nucleo\SM_Pro\STM32F746ZGTX_FLASH.ld" --specs=nosys.specs -Wl,-Map="SM_Pro.map" -Wl,--gc-sections -static -u _printf_float --specs=nano.specs -mfpu=fpv5-sp-d16 -mfloat-abi=hard -mthumb -Wl,--start-group -lc -lm -Wl,--end-group
Finished building target: SM_Pro.elf
 
arm-none-eabi-size   SM_Pro.elf 
arm-none-eabi-objdump -h -S  SM_Pro.elf  > "SM_Pro.list"
arm-none-eabi-objcopy  -O binary  SM_Pro.elf  "SM_Pro.bin"
   text	   data	    bss	    dec	    hex	filename
  49300	    492	   3084	  52876	   ce8c	SM_Pro.elf
Finished building: default.size.stdout
 
Finished building: SM_Pro.bin
 
Finished building: SM_Pro.list
 
00:06:06 **** Incremental Build of configuration Debug for project SM_Pro ****
make -j12 all 
arm-none-eabi-gcc "../Core/Src/PID.c" -mcpu=cortex-m7 -std=gnu11 -g3 -DDEBUG -DUSE_HAL_DRIVER -DSTM32F746xx -c -I../Core/Inc -I../Drivers/STM32F7xx_HAL_Driver/Inc -I../Drivers/STM32F7xx_HAL_Driver/Inc/Legacy -I../Drivers/CMSIS/Device/ST/STM32F7xx/Include -I../Drivers/CMSIS/Include -O0 -ffunction-sections -fdata-sections -Wall -fstack-usage -MMD -MP -MF"Core/Src/PID.d" -MT"Core/Src/PID.o" --specs=nano.specs -mfpu=fpv5-sp-d16 -mfloat-abi=hard -mthumb -o "Core/Src/PID.o"
arm-none-eabi-gcc -o "SM_Pro.elf" @"objects.list"   -mcpu=cortex-m7 -T"E:\Code\STM\STM_PROJECT\Nucleo\SM_Pro\STM32F746ZGTX_FLASH.ld" --specs=nosys.specs -Wl,-Map="SM_Pro.map" -Wl,--gc-sections -static -u _printf_float --specs=nano.specs -mfpu=fpv5-sp-d16 -mfloat-abi=hard -mthumb -Wl,--start-group -lc -lm -Wl,--end-group
Finished building target: SM_Pro.elf
 
arm-none-eabi-size   SM_Pro.elf 
arm-none-eabi-objdump -h -S  SM_Pro.elf  > "SM_Pro.list"
arm-none-eabi-objcopy  -O binary  SM_Pro.elf  "SM_Pro.bin"
   text	   data	    bss	    dec	    hex	filename
  49292	    492	   3084	  52868	   ce84	SM_Pro.elf
Finished building: default.size.stdout
 
Finished building: SM_Pro.bin
 
Finished building: SM_Pro.list
 
