19:48:19 **** Incremental Build of configuration Debug for project SM_Pro ****
make -j12 all 
arm-none-eabi-gcc "../Core/Src/PID.c" -mcpu=cortex-m7 -std=gnu11 -g3 -DDEBUG -DUSE_HAL_DRIVER -DSTM32F746xx -c -I../Core/Inc -I../Drivers/STM32F7xx_HAL_Driver/Inc -I../Drivers/STM32F7xx_HAL_Driver/Inc/Legacy -I../Drivers/CMSIS/Device/ST/STM32F7xx/Include -I../Drivers/CMSIS/Include -O0 -ffunction-sections -fdata-sections -Wall -fstack-usage -MMD -MP -MF"Core/Src/PID.d" -MT"Core/Src/PID.o" --specs=nano.specs -mfpu=fpv5-sp-d16 -mfloat-abi=hard -mthumb -o "Core/Src/PID.o"
arm-none-eabi-gcc "../Core/Src/main.c" -mcpu=cortex-m7 -std=gnu11 -g3 -DDEBUG -DUSE_HAL_DRIVER -DSTM32F746xx -c -I../Core/Inc -I../Drivers/STM32F7xx_HAL_Driver/Inc -I../Drivers/STM32F7xx_HAL_Driver/Inc/Legacy -I../Drivers/CMSIS/Device/ST/STM32F7xx/Include -I../Drivers/CMSIS/Include -O0 -ffunction-sections -fdata-sections -Wall -fstack-usage -MMD -MP -MF"Core/Src/main.d" -MT"Core/Src/main.o" --specs=nano.specs -mfpu=fpv5-sp-d16 -mfloat-abi=hard -mthumb -o "Core/Src/main.o"
arm-none-eabi-gcc -o "SM_Pro.elf" @"objects.list"   -mcpu=cortex-m7 -T"E:\Code\STM\STM_PROJECT\Nucleo\SM_Pro\STM32F746ZGTX_FLASH.ld" --specs=nosys.specs -Wl,-Map="SM_Pro.map" -Wl,--gc-sections -static -u _printf_float --specs=nano.specs -mfpu=fpv5-sp-d16 -mfloat-abi=hard -mthumb -Wl,--start-group -lc -lm -Wl,--end-group
Finished building target: SM_Pro.elf
 
arm-none-eabi-size   SM_Pro.elf 
arm-none-eabi-objdump -h -S  SM_Pro.elf  > "SM_Pro.list"
arm-none-eabi-objcopy  -O binary  SM_Pro.elf  "SM_Pro.bin"
   text	   data	    bss	    dec	    hex	filename
  53604	    520	   3184	  57308	   dfdc	SM_Pro.elf
Finished building: default.size.stdout
 
Finished building: SM_Pro.bin
 
Finished building: SM_Pro.list
 

19:48:22 Build Finished. 0 errors, 0 warnings. (took 3s.142ms)

