main.c:97:6:convert	32	static
main.c:121:5:MAP_VALUE	24	static
main.c:134:5:main	88	static
main.c:217:6:SystemClock_Config	216	static
main.c:274:13:MX_ADC1_Init	24	static
main.c:324:13:MX_I2C1_Init	8	static
main.c:370:13:MX_TIM3_Init	64	static
main.c:429:13:MX_TIM4_Init	40	static
main.c:474:13:MX_USART3_UART_Init	8	static
main.c:509:13:MX_USB_OTG_FS_PCD_Init	8	static
main.c:544:13:MX_GPIO_Init	56	static
main.c:647:7:HAL_UART_RxCpltCallback	16	static
main.c:653:6:HAL_TIM_PeriodElapsedCallback	64	static
main.c:711:6:Error_Handler	4	static,ignoring_inline_asm
