main.c:99:6:convert	32	static
main.c:123:7:MAP_VALUE	32	static
main.c:136:5:main	104	static
main.c:230:6:SystemClock_Config	216	static
main.c:287:13:MX_ADC1_Init	24	static
main.c:337:13:MX_I2C1_Init	8	static
main.c:383:13:MX_TIM3_Init	64	static
main.c:442:13:MX_TIM4_Init	40	static
main.c:487:13:MX_USART3_UART_Init	8	static
main.c:522:13:MX_USB_OTG_FS_PCD_Init	8	static
main.c:557:13:MX_GPIO_Init	56	static
main.c:660:7:HAL_UART_RxCpltCallback	16	static
main.c:666:6:HAL_TIM_PeriodElapsedCallback	64	static
main.c:725:6:Error_Handler	4	static,ignoring_inline_asm
